	Command being timed: "/opt/transshield-spu094/bin/python tools/benchmark_spu_mlp.py --config /opt/transshield-project/results/vps_optimization/spu095_unpadded_20260802_v1/configs/fxp16.json --output-json /opt/transshield-project/results/vps_optimization/spu095_unpadded_20260802_v1/mlp_spu095.json --batch-size 16 --token-count 197 --embed-dim 384 --mlp-dim 1536 --repeats 2"
	User time (seconds): 2.88
	System time (seconds): 2.34
	Percent of CPU this job got: 4%
	Elapsed (wall clock) time (h:mm:ss or m:ss): 1:45.20
	Average shared text size (kbytes): 0
	Average unshared data size (kbytes): 0
	Average stack size (kbytes): 0
	Average total size (kbytes): 0
	Maximum resident set size (kbytes): 460012
	Average resident set size (kbytes): 0
	Major (requiring I/O) page faults: 0
	Minor (reclaiming a frame) page faults: 83744
	Voluntary context switches: 9919
	Involuntary context switches: 800
	Swaps: 0
	File system inputs: 0
	File system outputs: 32
	Socket messages sent: 0
	Socket messages received: 0
	Signals delivered: 0
	Page size (bytes): 4096
	Exit status: 0
