	Command being timed: "/opt/transshield-spu-mlp-pack/bin/python integrations/transshield_runtime/e2e_secure_vit/transshield_e2e_secure_vit.py run --runtime spu --bundle-dir artifacts/frozen_bundle_medical_dynamic_mainline --input-share-public-manifest-json results/vps_report_tests/report_regression_20260801_v1/medical32_public.json --input-p1-share-manifest-json results/vps_report_tests/report_regression_20260801_v1/medical32_party_manifests/p1_share_manifest.json --input-p2-share-manifest-json results/vps_report_tests/report_regression_20260801_v1/medical32_party_manifests/p2_share_manifest.json --party-local-share-load --redact-private-input-paths --output-pt /opt/transshield-project/results/vps_optimization/mlp_kernel_fxp20_20260802_v1/medical32_fxp20_run1.pt --output-json /opt/transshield-project/results/vps_optimization/mlp_kernel_fxp20_20260802_v1/medical32_fxp20_run1.json --config /opt/transshield-project/results/vps_optimization/mlp_kernel_fxp20_20260802_v1/configs/fxp20.json --device cpu --max-samples 32 --static-depth-limit 10 --spu-batch-size 16 --spu-params-mode secret --spu-layer-norm-policy exact --spu-attention-policy uniform --spu-activation-override fixed_square --spu-activation-clip-value 0 --spu-secure-pruning-mode compact --spu-secure-pruning-network unpadded_selection --spu-final-block-cls-only --spu-uniform-attention-value-fusion --spu-compile-cache-dir /opt/transshield-project/results/vps_optimization/mlp_kernel_fxp20_20260802_v1/compile_cache_batch16_fxp20 --token-ratio-base-override 0.655"
	User time (seconds): 8.05
	System time (seconds): 2.08
	Percent of CPU this job got: 1%
	Elapsed (wall clock) time (h:mm:ss or m:ss): 16:38.82
	Average shared text size (kbytes): 0
	Average unshared data size (kbytes): 0
	Average stack size (kbytes): 0
	Average total size (kbytes): 0
	Maximum resident set size (kbytes): 636960
	Average resident set size (kbytes): 0
	Major (requiring I/O) page faults: 15
	Minor (reclaiming a frame) page faults: 169386
	Voluntary context switches: 94307
	Involuntary context switches: 960
	Swaps: 0
	File system inputs: 8728
	File system outputs: 2656
	Socket messages sent: 0
	Socket messages received: 0
	Signals delivered: 0
	Page size (bytes): 4096
	Exit status: 0
