	Command being timed: "/opt/transshield-spu-mlp-pack/bin/python tools/benchmark_spu_mlp.py --config /opt/transshield-project/results/vps_optimization/mlp_kernel_20260802_v2_pack/configs/pack.json --output-json /opt/transshield-project/results/vps_optimization/mlp_kernel_20260802_v2_pack/pack.json --repeats 3"
	User time (seconds): 2.91
	System time (seconds): 2.46
	Percent of CPU this job got: 4%
	Elapsed (wall clock) time (h:mm:ss or m:ss): 2:08.06
	Average shared text size (kbytes): 0
	Average unshared data size (kbytes): 0
	Average stack size (kbytes): 0
	Average total size (kbytes): 0
	Maximum resident set size (kbytes): 451348
	Average resident set size (kbytes): 0
	Major (requiring I/O) page faults: 0
	Minor (reclaiming a frame) page faults: 122097
	Voluntary context switches: 12651
	Involuntary context switches: 704
	Swaps: 0
	File system inputs: 0
	File system outputs: 32
	Socket messages sent: 0
	Socket messages received: 0
	Signals delivered: 0
	Page size (bytes): 4096
	Exit status: 0
