[2026-08-02 14:08:34.668] [info] [thread_pool.cc:30] Create a fixed thread pool with size 15
{
  "manifest_type": "transshield_spu_exact_mlp_benchmark_v3",
  "captured_at_utc": "2026-08-02T06:10:10.802776+00:00",
  "hostname": "iZf8zfv7si2cw0znv3smdwZ",
  "platform": "Linux-6.8.0-136-generic-x86_64-with-glibc2.39",
  "spu_version": "0.9.3b0",
  "config": "/opt/transshield-project/results/vps_optimization/square_alpha_fusion_20260802_v1/configs/fxp16.json",
  "runtime_config": {
    "cheetah_2pc_config": {
      "enable_mul_lsb_error": false,
      "ot_kind": "YACL_Ferret"
    },
    "enable_hal_profile": false,
    "enable_pphlo_profile": false,
    "experimental_enable_colocated_optimization": true,
    "field": "FM64",
    "fxp_exp_iters": 4,
    "fxp_exp_mode": 0,
    "fxp_fraction_bits": 16,
    "protocol": "CHEETAH"
  },
  "ownership": {
    "input": "P1",
    "model_parameters": "P2",
    "reveal": "full synthetic final MLP output only"
  },
  "graph": "x + (alpha * square(x @ W1.T + b1)) @ W2.T + b2",
  "executed_graph": "x + (alpha * square(x @ W1.T + b1)) @ W2.T + b2",
  "alpha": 0.25,
  "square_alpha_folded_into_fc2": false,
  "shape": {
    "input": [
      16,
      197,
      384
    ],
    "flattened_tokens": 3152,
    "fc1": [
      3152,
      384,
      1536
    ],
    "fc2": [
      3152,
      1536,
      384
    ]
  },
  "seed": 20260802,
  "interface": "lo",
  "expected_runtime_config": {
    "field": "FM64",
    "fxp_fraction_bits": 16
  },
  "reference_output_sha256": "1a465550f022d865da442afd75302e2bff9989824a3082665531a6193a7e2ddb",
  "repetitions": [
    {
      "repeat_index": 0,
      "elapsed_sec": 54.47463641200011,
      "loopback_tx_bytes": 2089296750,
      "loopback_rx_bytes": 2089296750,
      "output_sha256": "32c6c47767d8be6d0078558d1b3e0aa7263c2a98d92ed5025c9457b3fee12307",
      "output_min": -1.3063507080078125,
      "output_max": 1.1667022705078125,
      "output_mean": -0.0016089155105873942,
      "finite": true,
      "reference_max_abs_error": 9.310990571975708e-05,
      "reference_mean_abs_error": 1.719441388559062e-05
    },
    {
      "repeat_index": 1,
      "elapsed_sec": 48.01691717399808,
      "loopback_tx_bytes": 2028118770,
      "loopback_rx_bytes": 2028118770,
      "output_sha256": "459087ce8c836e975cd5a599d5403a78de6ddeb2bd95ecc543f86fb32ad15001",
      "output_min": -1.30633544921875,
      "output_max": 1.166717529296875,
      "output_mean": -0.0016089393757283688,
      "finite": true,
      "reference_max_abs_error": 9.535253047943115e-05,
      "reference_mean_abs_error": 1.7190703147207387e-05
    },
    {
      "repeat_index": 2,
      "elapsed_sec": 48.057912278,
      "loopback_tx_bytes": 2028148698,
      "loopback_rx_bytes": 2028148698,
      "output_sha256": "b4bd0295a505124e8a62ce05e7ba45139e091753826f85a45de5792ec824d8e5",
      "output_min": -1.30633544921875,
      "output_max": 1.1667022705078125,
      "output_mean": -0.0016089320415630937,
      "finite": true,
      "reference_max_abs_error": 9.378790855407715e-05,
      "reference_mean_abs_error": 1.7195037798956037e-05
    }
  ],
  "acceptance": {
    "unchanged_math_graph": true,
    "runtime_config_matches_expectation": true,
    "all_finite": true
  }
}
