	Command being timed: "/opt/transshield-spu/bin/python integrations/transshield_runtime/e2e_secure_vit/transshield_e2e_secure_vit.py run --runtime cpu --bundle-dir artifacts/frozen_bundle_medical_dynamic_mainline --input-pt results/vps_report_tests/report_regression_20260801_v1/medical524_plain.pt --output-pt results/vps_optimization/pruning_boundary_20260801_v1/medical524_cpu_r0655.pt --output-json results/vps_optimization/pruning_boundary_20260801_v1/medical524_cpu_r0655.json --device cpu --cpu-forward-mode runtime_pruning_reference --cpu-batch-size 64 --static-depth-limit 10 --token-ratio-base-override 0.655"
	User time (seconds): 48.48
	System time (seconds): 21.16
	Percent of CPU this job got: 614%
	Elapsed (wall clock) time (h:mm:ss or m:ss): 0:11.33
	Average shared text size (kbytes): 0
	Average unshared data size (kbytes): 0
	Average stack size (kbytes): 0
	Average total size (kbytes): 0
	Maximum resident set size (kbytes): 1487856
	Average resident set size (kbytes): 0
	Major (requiring I/O) page faults: 0
	Minor (reclaiming a frame) page faults: 8213976
	Voluntary context switches: 2856
	Involuntary context switches: 36473
	Swaps: 0
	File system inputs: 0
	File system outputs: 456
	Socket messages sent: 0
	Socket messages received: 0
	Signals delivered: 0
	Page size (bytes): 4096
	Exit status: 0
