	Command being timed: "/opt/transshield-spu/bin/python tools/benchmark_spu_layernorm_linear.py --config /opt/transshield-project/results/vps_optimization/layernorm_affine_fusion_20260802_v1/configs/fxp16_c8.json --output-json /opt/transshield-project/results/vps_optimization/layernorm_affine_fusion_20260802_v1/layernorm_linear_fused.json --repeats 2 --fold-affine"
	User time (seconds): 3.13
	System time (seconds): 2.63
	Percent of CPU this job got: 14%
	Elapsed (wall clock) time (h:mm:ss or m:ss): 0:39.90
	Average shared text size (kbytes): 0
	Average unshared data size (kbytes): 0
	Average stack size (kbytes): 0
	Average total size (kbytes): 0
	Maximum resident set size (kbytes): 651436
	Average resident set size (kbytes): 0
	Major (requiring I/O) page faults: 0
	Minor (reclaiming a frame) page faults: 363417
	Voluntary context switches: 6598
	Involuntary context switches: 575
	Swaps: 0
	File system inputs: 0
	File system outputs: 32
	Socket messages sent: 0
	Socket messages received: 0
	Signals delivered: 0
	Page size (bytes): 4096
	Exit status: 0
