	Command being timed: "/opt/transshield-spu/bin/python integrations/transshield_runtime/e2e_secure_vit/transshield_e2e_secure_vit.py run --runtime spu --bundle-dir artifacts/frozen_bundle_medical_dynamic_mainline --input-share-public-manifest-json results/vps_report_tests/report_regression_20260801_v1/medical32_public.json --input-p1-share-manifest-json results/vps_report_tests/report_regression_20260801_v1/medical32_party_manifests/p1_share_manifest.json --input-p2-share-manifest-json results/vps_report_tests/report_regression_20260801_v1/medical32_party_manifests/p2_share_manifest.json --party-local-share-load --redact-private-input-paths --output-pt /opt/transshield-project/results/vps_optimization/layernorm_affine_fusion_20260802_v1/medical4_all.pt --output-json /opt/transshield-project/results/vps_optimization/layernorm_affine_fusion_20260802_v1/medical4_all.json --config /opt/transshield-project/results/vps_optimization/layernorm_affine_fusion_20260802_v1/configs/fxp16_default.json --device cpu --max-samples 4 --static-depth-limit 10 --spu-batch-size 4 --spu-params-mode secret --spu-layer-norm-policy exact --spu-attention-policy uniform --spu-activation-override fixed_square --spu-activation-clip-value 0 --spu-secure-pruning-mode compact --spu-secure-pruning-network unpadded_selection --spu-final-block-cls-only --spu-uniform-attention-value-fusion --spu-compile-cache-dir /opt/transshield-project/results/vps_optimization/layernorm_affine_fusion_20260802_v1/compile_cache_medical4_all --token-ratio-base-override 0.655 --spu-layer-norm-affine-fusion all"
	User time (seconds): 7.07
	System time (seconds): 2.64
	Percent of CPU this job got: 4%
	Elapsed (wall clock) time (h:mm:ss or m:ss): 3:17.72
	Average shared text size (kbytes): 0
	Average unshared data size (kbytes): 0
	Average stack size (kbytes): 0
	Average total size (kbytes): 0
	Maximum resident set size (kbytes): 620780
	Average resident set size (kbytes): 0
	Major (requiring I/O) page faults: 2
	Minor (reclaiming a frame) page faults: 163422
	Voluntary context switches: 26947
	Involuntary context switches: 512
	Swaps: 0
	File system inputs: 190304
	File system outputs: 2520
	Socket messages sent: 0
	Socket messages received: 0
	Signals delivered: 0
	Page size (bytes): 4096
	Exit status: 0
