	Command being timed: "/opt/transshield-spu/bin/python tools/benchmark_spu_mlp.py --config /opt/transshield-project/results/vps_optimization/runtime_scheduler_20260802_v1/configs/fxp16_c8_no_mmul_split.json --output-json /opt/transshield-project/results/vps_optimization/runtime_scheduler_20260802_v1/mlp_no_mmul_split.json --repeats 2 --alpha 0.25"
	User time (seconds): 2.66
	System time (seconds): 2.39
	Percent of CPU this job got: 5%
	Elapsed (wall clock) time (h:mm:ss or m:ss): 1:34.84
	Average shared text size (kbytes): 0
	Average unshared data size (kbytes): 0
	Average stack size (kbytes): 0
	Average total size (kbytes): 0
	Maximum resident set size (kbytes): 418932
	Average resident set size (kbytes): 0
	Major (requiring I/O) page faults: 0
	Minor (reclaiming a frame) page faults: 99556
	Voluntary context switches: 9081
	Involuntary context switches: 692
	Swaps: 0
	File system inputs: 0
	File system outputs: 32
	Socket messages sent: 0
	Socket messages received: 0
	Signals delivered: 0
	Page size (bytes): 4096
	Exit status: 0
