[2026-08-02 17:40:57.927] [info] [thread_pool.cc:30] Create a fixed thread pool with size 15
{
  "manifest_type": "transshield_spu_exact_mlp_benchmark_v4",
  "captured_at_utc": "2026-08-02T09:41:42.223531+00:00",
  "hostname": "iZf8zfv7si2cw0znv3smdwZ",
  "platform": "Linux-6.8.0-136-generic-x86_64-with-glibc2.39",
  "spu_version": "0.9.3b0",
  "config": "/opt/transshield-project/results/vps_optimization/runtime_scheduler_20260802_v1/configs/fxp16_c8_intra.json",
  "runtime_config": {
    "cheetah_2pc_config": {
      "enable_mul_lsb_error": false,
      "ot_kind": "YACL_Ferret"
    },
    "enable_hal_profile": false,
    "enable_pphlo_profile": false,
    "experimental_enable_colocated_optimization": true,
    "experimental_enable_intra_op_par": true,
    "field": "FM64",
    "fxp_exp_iters": 4,
    "fxp_exp_mode": 0,
    "fxp_fraction_bits": 16,
    "max_concurrency": 8,
    "protocol": "CHEETAH"
  },
  "ownership": {
    "input": "P1",
    "model_parameters": "P2",
    "reveal": "full synthetic final MLP output only"
  },
  "graph": "x + (alpha * square(x @ W1.T + b1)) @ W2.T + b2",
  "executed_graph": "x + (alpha * square(x @ W1.T + b1)) @ W2.T + b2",
  "alpha": 0.25,
  "square_alpha_folded_into_fc2": false,
  "square_alpha_public_constant": false,
  "shape": {
    "input": [
      16,
      197,
      384
    ],
    "flattened_tokens": 3152,
    "fc1": [
      3152,
      384,
      1536
    ],
    "fc2": [
      3152,
      1536,
      384
    ]
  },
  "seed": 20260802,
  "interface": "lo",
  "expected_runtime_config": {
    "field": "FM64",
    "fxp_fraction_bits": 16
  },
  "reference_output_sha256": "1a465550f022d865da442afd75302e2bff9989824a3082665531a6193a7e2ddb",
  "repetitions": [
    {
      "repeat_index": 0,
      "elapsed_sec": 48.73527410099996,
      "loopback_tx_bytes": 2068411201,
      "loopback_rx_bytes": 2068411201,
      "output_sha256": "13a629b826794602b9b5fbd6051d172268d08de976ca9e5f0fb371d0489137e6",
      "output_min": -1.3063201904296875,
      "output_max": 1.1666717529296875,
      "output_mean": -0.0016089316923171282,
      "finite": true,
      "reference_max_abs_error": 9.679794311523438e-05,
      "reference_mean_abs_error": 1.7193930034409277e-05
    },
    {
      "repeat_index": 1,
      "elapsed_sec": 44.25332087900097,
      "loopback_tx_bytes": 2028154797,
      "loopback_rx_bytes": 2028154797,
      "output_sha256": "27fee3e78ff4ddaaeac3e89edfcf9c8a3e8f274c6cb39d51b342924156a1b810",
      "output_min": -1.30633544921875,
      "output_max": 1.166717529296875,
      "output_mean": -0.0016089372802525759,
      "finite": true,
      "reference_max_abs_error": 9.37432050704956e-05,
      "reference_mean_abs_error": 1.7201244190800935e-05
    }
  ],
  "acceptance": {
    "unchanged_math_graph": true,
    "runtime_config_matches_expectation": true,
    "all_finite": true
  }
}
