[2026-08-02 20:14:22,723] [MainProcess] Starting grpc server at 127.0.0.1:43381
[2026-08-02 20:14:22,806] [MainProcess] Run : builtin_spu_init at node:0
I0802 20:14:22.809929 102378     0 external/com_github_brpc_brpc/src/brpc/server.cpp:1204] Server[yacl::link::transport::internal::ReceiverServiceImpl] is serving on port=43689.
W0802 20:14:22.809944 102378     0 external/com_github_brpc_brpc/src/brpc/server.cpp:1210] Builtin services are disabled according to ServerOptions.has_builtin_services
[2026-08-02 20:14:22.811] [warning] [openssl_factory.cc:83] Yacl has been configured to use Yacl's entropy source, but unable to find one. Fallback to use openssl's default entropy srouce
[2026-08-02 20:14:22.812] [warning] [openssl_factory.cc:83] Yacl has been configured to use Yacl's entropy source, but unable to find one. Fallback to use openssl's default entropy srouce
[2026-08-02 20:14:22,813] [MainProcess] spu-runtime (SPU) initialized
[2026-08-02 20:14:22,815] [MainProcess] Run : <lambda> at node:0
[2026-08-02 20:14:22,817] [MainProcess] Run : make_shares at node:0
[2026-08-02 20:14:22,830] [MainProcess] RunR: builtin_fetch_meta at node:0
[2026-08-02 20:14:22,860] [MainProcess] Run : builtin_spu_run at node:0
[2026-08-02 20:14:22,862] [MainProcess] RunR: builtin_fetch_object at node:0
[2026-08-02 20:14:22,864] [MainProcess] RunR: builtin_fetch_meta at node:0
[2026-08-02 20:14:22,866] [MainProcess] RunR: builtin_fetch_object at node:0
[2026-08-02 20:14:24,071] [MainProcess] Run : builtin_spu_init at node:0
[2026-08-02 20:14:24,072] [MainProcess] spu-runtime (SPU) already exist, reuse it
[2026-08-02 20:14:24,325] [MainProcess] Run : identity at node:0
[2026-08-02 20:14:24,342] [MainProcess] Run : identity at node:0
[2026-08-02 20:14:24,355] [MainProcess] Run : load_share_chunk_from_party_manifest at node:0
[2026-08-02 20:14:25,524] [MainProcess] Run : make_shares at node:0
[2026-08-02 20:14:25.524] [info] [thread_pool.cc:30] Create a fixed thread pool with size 15
[2026-08-02 20:14:25,622] [MainProcess] RunR: builtin_fetch_meta at node:0
[2026-08-02 20:14:25,731] [MainProcess] Run : make_shares at node:0
[2026-08-02 20:14:25,737] [MainProcess] RunR: builtin_fetch_meta at node:0
[2026-08-02 20:14:25,739] [MainProcess] Run : make_shares at node:0
[2026-08-02 20:14:25,740] [MainProcess] RunR: builtin_fetch_meta at node:0
[2026-08-02 20:14:25,742] [MainProcess] Run : make_shares at node:0
[2026-08-02 20:14:25,743] [MainProcess] RunR: builtin_fetch_meta at node:0
[2026-08-02 20:14:25,745] [MainProcess] Run : make_shares at node:0
[2026-08-02 20:14:25,748] [MainProcess] RunR: builtin_fetch_meta at node:0
[2026-08-02 20:14:25,750] [MainProcess] Run : make_shares at node:0
[2026-08-02 20:14:25,751] [MainProcess] RunR: builtin_fetch_meta at node:0
[2026-08-02 20:14:25,753] [MainProcess] Run : make_shares at node:0
[2026-08-02 20:14:25,754] [MainProcess] RunR: builtin_fetch_meta at node:0
[2026-08-02 20:14:25,756] [MainProcess] Run : make_shares at node:0
[2026-08-02 20:14:25,763] [MainProcess] RunR: builtin_fetch_meta at node:0
[2026-08-02 20:14:25,764] [MainProcess] Run : make_shares at node:0
[2026-08-02 20:14:25,765] [MainProcess] RunR: builtin_fetch_meta at node:0
[2026-08-02 20:14:25,767] [MainProcess] Run : make_shares at node:0
[2026-08-02 20:14:25,770] [MainProcess] RunR: builtin_fetch_meta at node:0
[2026-08-02 20:14:25,772] [MainProcess] Run : make_shares at node:0
[2026-08-02 20:14:25,773] [MainProcess] RunR: builtin_fetch_meta at node:0
[2026-08-02 20:14:25,775] [MainProcess] Run : make_shares at node:0
[2026-08-02 20:14:25,776] [MainProcess] RunR: builtin_fetch_meta at node:0
[2026-08-02 20:14:25,777] [MainProcess] Run : make_shares at node:0
[2026-08-02 20:14:25,779] [MainProcess] RunR: builtin_fetch_meta at node:0
[2026-08-02 20:14:25,780] [MainProcess] Run : make_shares at node:0
[2026-08-02 20:14:25,789] [MainProcess] RunR: builtin_fetch_meta at node:0
[2026-08-02 20:14:25,791] [MainProcess] Run : make_shares at node:0
[2026-08-02 20:14:25,792] [MainProcess] RunR: builtin_fetch_meta at node:0
[2026-08-02 20:14:25,794] [MainProcess] Run : make_shares at node:0
[2026-08-02 20:14:25,795] [MainProcess] RunR: builtin_fetch_meta at node:0
[2026-08-02 20:14:25,797] [MainProcess] Run : make_shares at node:0
[2026-08-02 20:14:25,798] [MainProcess] RunR: builtin_fetch_meta at node:0
[2026-08-02 20:14:25,799] [MainProcess] Run : make_shares at node:0
[2026-08-02 20:14:25,812] [MainProcess] RunR: builtin_fetch_meta at node:0
[2026-08-02 20:14:25,813] [MainProcess] Run : make_shares at node:0
[2026-08-02 20:14:25,815] [MainProcess] RunR: builtin_fetch_meta at node:0
[2026-08-02 20:14:25,816] [MainProcess] Run : make_shares at node:0
[2026-08-02 20:14:25,817] [MainProcess] RunR: builtin_fetch_meta at node:0
[2026-08-02 20:14:25,819] [MainProcess] Run : make_shares at node:0
[2026-08-02 20:14:25,820] [MainProcess] RunR: builtin_fetch_meta at node:0
[2026-08-02 20:14:25,822] [MainProcess] Run : make_shares at node:0
[2026-08-02 20:14:25,829] [MainProcess] RunR: builtin_fetch_meta at node:0
[2026-08-02 20:14:25,830] [MainProcess] Run : make_shares at node:0
[2026-08-02 20:14:25,831] [MainProcess] RunR: builtin_fetch_meta at node:0
[2026-08-02 20:14:25,833] [MainProcess] Run : make_shares at node:0
[2026-08-02 20:14:25,836] [MainProcess] RunR: builtin_fetch_meta at node:0
[2026-08-02 20:14:25,838] [MainProcess] Run : make_shares at node:0
[2026-08-02 20:14:25,839] [MainProcess] RunR: builtin_fetch_meta at node:0
[2026-08-02 20:14:25,840] [MainProcess] Run : make_shares at node:0
[2026-08-02 20:14:25,841] [MainProcess] RunR: builtin_fetch_meta at node:0
[2026-08-02 20:14:25,843] [MainProcess] Run : make_shares at node:0
[2026-08-02 20:14:25,844] [MainProcess] RunR: builtin_fetch_meta at node:0
[2026-08-02 20:14:25,846] [MainProcess] Run : make_shares at node:0
[2026-08-02 20:14:25,864] [MainProcess] RunR: builtin_fetch_meta at node:0
[2026-08-02 20:14:25,865] [MainProcess] Run : make_shares at node:0
[2026-08-02 20:14:25,867] [MainProcess] RunR: builtin_fetch_meta at node:0
[2026-08-02 20:14:25,868] [MainProcess] Run : make_shares at node:0
[2026-08-02 20:14:25,869] [MainProcess] RunR: builtin_fetch_meta at node:0
[2026-08-02 20:14:25,871] [MainProcess] Run : make_shares at node:0
[2026-08-02 20:14:25,872] [MainProcess] RunR: builtin_fetch_meta at node:0
[2026-08-02 20:14:25,874] [MainProcess] Run : make_shares at node:0
[2026-08-02 20:14:25,886] [MainProcess] RunR: builtin_fetch_meta at node:0
[2026-08-02 20:14:25,887] [MainProcess] Run : make_shares at node:0
[2026-08-02 20:14:25,889] [MainProcess] RunR: builtin_fetch_meta at node:0
[2026-08-02 20:14:25,890] [MainProcess] Run : make_shares at node:0
[2026-08-02 20:14:25,891] [MainProcess] RunR: builtin_fetch_meta at node:0
[2026-08-02 20:14:25,893] [MainProcess] Run : make_shares at node:0
[2026-08-02 20:14:25,894] [MainProcess] RunR: builtin_fetch_meta at node:0
[2026-08-02 20:14:25,895] [MainProcess] Run : make_shares at node:0
[2026-08-02 20:14:25,902] [MainProcess] RunR: builtin_fetch_meta at node:0
[2026-08-02 20:14:25,904] [MainProcess] Run : make_shares at node:0
[2026-08-02 20:14:25,905] [MainProcess] RunR: builtin_fetch_meta at node:0
[2026-08-02 20:14:25,906] [MainProcess] Run : make_shares at node:0
[2026-08-02 20:14:25,910] [MainProcess] RunR: builtin_fetch_meta at node:0
[2026-08-02 20:14:25,911] [MainProcess] Run : make_shares at node:0
[2026-08-02 20:14:25,912] [MainProcess] RunR: builtin_fetch_meta at node:0
[2026-08-02 20:14:25,914] [MainProcess] Run : make_shares at node:0
[2026-08-02 20:14:25,915] [MainProcess] RunR: builtin_fetch_meta at node:0
[2026-08-02 20:14:25,916] [MainProcess] Run : make_shares at node:0
[2026-08-02 20:14:25,917] [MainProcess] RunR: builtin_fetch_meta at node:0
[2026-08-02 20:14:25,919] [MainProcess] Run : make_shares at node:0
[2026-08-02 20:14:25,933] [MainProcess] RunR: builtin_fetch_meta at node:0
[2026-08-02 20:14:25,935] [MainProcess] Run : make_shares at node:0
[2026-08-02 20:14:25,936] [MainProcess] RunR: builtin_fetch_meta at node:0
[2026-08-02 20:14:25,938] [MainProcess] Run : make_shares at node:0
[2026-08-02 20:14:25,939] [MainProcess] RunR: builtin_fetch_meta at node:0
[2026-08-02 20:14:25,940] [MainProcess] Run : make_shares at node:0
[2026-08-02 20:14:25,941] [MainProcess] RunR: builtin_fetch_meta at node:0
[2026-08-02 20:14:25,943] [MainProcess] Run : make_shares at node:0
[2026-08-02 20:14:25,955] [MainProcess] RunR: builtin_fetch_meta at node:0
[2026-08-02 20:14:25,956] [MainProcess] Run : make_shares at node:0
[2026-08-02 20:14:25,958] [MainProcess] RunR: builtin_fetch_meta at node:0
[2026-08-02 20:14:25,959] [MainProcess] Run : make_shares at node:0
[2026-08-02 20:14:25,960] [MainProcess] RunR: builtin_fetch_meta at node:0
[2026-08-02 20:14:25,962] [MainProcess] Run : make_shares at node:0
[2026-08-02 20:14:25,963] [MainProcess] RunR: builtin_fetch_meta at node:0
[2026-08-02 20:14:25,964] [MainProcess] Run : make_shares at node:0
[2026-08-02 20:14:25,970] [MainProcess] RunR: builtin_fetch_meta at node:0
[2026-08-02 20:14:25,972] [MainProcess] Run : make_shares at node:0
[2026-08-02 20:14:25,973] [MainProcess] RunR: builtin_fetch_meta at node:0
[2026-08-02 20:14:25,975] [MainProcess] Run : make_shares at node:0
[2026-08-02 20:14:25,978] [MainProcess] RunR: builtin_fetch_meta at node:0
[2026-08-02 20:14:25,979] [MainProcess] Run : make_shares at node:0
[2026-08-02 20:14:25,980] [MainProcess] RunR: builtin_fetch_meta at node:0
[2026-08-02 20:14:25,982] [MainProcess] Run : make_shares at node:0
[2026-08-02 20:14:25,983] [MainProcess] RunR: builtin_fetch_meta at node:0
[2026-08-02 20:14:25,984] [MainProcess] Run : make_shares at node:0
[2026-08-02 20:14:25,985] [MainProcess] RunR: builtin_fetch_meta at node:0
[2026-08-02 20:14:25,987] [MainProcess] Run : make_shares at node:0
[2026-08-02 20:14:26,000] [MainProcess] RunR: builtin_fetch_meta at node:0
[2026-08-02 20:14:26,002] [MainProcess] Run : make_shares at node:0
[2026-08-02 20:14:26,003] [MainProcess] RunR: builtin_fetch_meta at node:0
[2026-08-02 20:14:26,005] [MainProcess] Run : make_shares at node:0
[2026-08-02 20:14:26,006] [MainProcess] RunR: builtin_fetch_meta at node:0
[2026-08-02 20:14:26,007] [MainProcess] Run : make_shares at node:0
[2026-08-02 20:14:26,008] [MainProcess] RunR: builtin_fetch_meta at node:0
[2026-08-02 20:14:26,010] [MainProcess] Run : make_shares at node:0
[2026-08-02 20:14:26,023] [MainProcess] RunR: builtin_fetch_meta at node:0
[2026-08-02 20:14:26,025] [MainProcess] Run : make_shares at node:0
[2026-08-02 20:14:26,026] [MainProcess] RunR: builtin_fetch_meta at node:0
[2026-08-02 20:14:26,028] [MainProcess] Run : make_shares at node:0
[2026-08-02 20:14:26,029] [MainProcess] RunR: builtin_fetch_meta at node:0
[2026-08-02 20:14:26,030] [MainProcess] Run : make_shares at node:0
[2026-08-02 20:14:26,031] [MainProcess] RunR: builtin_fetch_meta at node:0
[2026-08-02 20:14:26,033] [MainProcess] Run : make_shares at node:0
[2026-08-02 20:14:26,039] [MainProcess] RunR: builtin_fetch_meta at node:0
[2026-08-02 20:14:26,041] [MainProcess] Run : make_shares at node:0
[2026-08-02 20:14:26,042] [MainProcess] RunR: builtin_fetch_meta at node:0
[2026-08-02 20:14:26,043] [MainProcess] Run : make_shares at node:0
[2026-08-02 20:14:26,047] [MainProcess] RunR: builtin_fetch_meta at node:0
[2026-08-02 20:14:26,048] [MainProcess] Run : make_shares at node:0
[2026-08-02 20:14:26,049] [MainProcess] RunR: builtin_fetch_meta at node:0
[2026-08-02 20:14:26,051] [MainProcess] Run : make_shares at node:0
[2026-08-02 20:14:26,052] [MainProcess] RunR: builtin_fetch_meta at node:0
[2026-08-02 20:14:26,053] [MainProcess] Run : make_shares at node:0
[2026-08-02 20:14:26,054] [MainProcess] RunR: builtin_fetch_meta at node:0
[2026-08-02 20:14:26,056] [MainProcess] Run : make_shares at node:0
[2026-08-02 20:14:26,072] [MainProcess] RunR: builtin_fetch_meta at node:0
[2026-08-02 20:14:26,073] [MainProcess] Run : make_shares at node:0
[2026-08-02 20:14:26,074] [MainProcess] RunR: builtin_fetch_meta at node:0
[2026-08-02 20:14:26,076] [MainProcess] Run : make_shares at node:0
[2026-08-02 20:14:26,077] [MainProcess] RunR: builtin_fetch_meta at node:0
[2026-08-02 20:14:26,078] [MainProcess] Run : make_shares at node:0
[2026-08-02 20:14:26,079] [MainProcess] RunR: builtin_fetch_meta at node:0
[2026-08-02 20:14:26,081] [MainProcess] Run : make_shares at node:0
[2026-08-02 20:14:26,095] [MainProcess] RunR: builtin_fetch_meta at node:0
[2026-08-02 20:14:26,096] [MainProcess] Run : make_shares at node:0
[2026-08-02 20:14:26,097] [MainProcess] RunR: builtin_fetch_meta at node:0
[2026-08-02 20:14:26,099] [MainProcess] Run : make_shares at node:0
[2026-08-02 20:14:26,100] [MainProcess] RunR: builtin_fetch_meta at node:0
[2026-08-02 20:14:26,102] [MainProcess] Run : make_shares at node:0
[2026-08-02 20:14:26,103] [MainProcess] RunR: builtin_fetch_meta at node:0
[2026-08-02 20:14:26,104] [MainProcess] Run : make_shares at node:0
[2026-08-02 20:14:26,111] [MainProcess] RunR: builtin_fetch_meta at node:0
[2026-08-02 20:14:26,112] [MainProcess] Run : make_shares at node:0
[2026-08-02 20:14:26,113] [MainProcess] RunR: builtin_fetch_meta at node:0
[2026-08-02 20:14:26,115] [MainProcess] Run : make_shares at node:0
[2026-08-02 20:14:26,118] [MainProcess] RunR: builtin_fetch_meta at node:0
[2026-08-02 20:14:26,119] [MainProcess] Run : make_shares at node:0
[2026-08-02 20:14:26,120] [MainProcess] RunR: builtin_fetch_meta at node:0
[2026-08-02 20:14:26,122] [MainProcess] Run : make_shares at node:0
[2026-08-02 20:14:26,123] [MainProcess] RunR: builtin_fetch_meta at node:0
[2026-08-02 20:14:26,124] [MainProcess] Run : make_shares at node:0
[2026-08-02 20:14:26,126] [MainProcess] RunR: builtin_fetch_meta at node:0
[2026-08-02 20:14:26,127] [MainProcess] Run : make_shares at node:0
[2026-08-02 20:14:26,143] [MainProcess] RunR: builtin_fetch_meta at node:0
[2026-08-02 20:14:26,144] [MainProcess] Run : make_shares at node:0
[2026-08-02 20:14:26,145] [MainProcess] RunR: builtin_fetch_meta at node:0
[2026-08-02 20:14:26,147] [MainProcess] Run : make_shares at node:0
[2026-08-02 20:14:26,148] [MainProcess] RunR: builtin_fetch_meta at node:0
[2026-08-02 20:14:26,149] [MainProcess] Run : make_shares at node:0
[2026-08-02 20:14:26,150] [MainProcess] RunR: builtin_fetch_meta at node:0
[2026-08-02 20:14:26,152] [MainProcess] Run : make_shares at node:0
[2026-08-02 20:14:26,166] [MainProcess] RunR: builtin_fetch_meta at node:0
[2026-08-02 20:14:26,167] [MainProcess] Run : make_shares at node:0
[2026-08-02 20:14:26,168] [MainProcess] RunR: builtin_fetch_meta at node:0
[2026-08-02 20:14:26,170] [MainProcess] Run : make_shares at node:0
[2026-08-02 20:14:26,171] [MainProcess] RunR: builtin_fetch_meta at node:0
[2026-08-02 20:14:26,173] [MainProcess] Run : make_shares at node:0
[2026-08-02 20:14:26,174] [MainProcess] RunR: builtin_fetch_meta at node:0
[2026-08-02 20:14:26,175] [MainProcess] Run : make_shares at node:0
[2026-08-02 20:14:26,182] [MainProcess] RunR: builtin_fetch_meta at node:0
[2026-08-02 20:14:26,183] [MainProcess] Run : make_shares at node:0
[2026-08-02 20:14:26,184] [MainProcess] RunR: builtin_fetch_meta at node:0
[2026-08-02 20:14:26,186] [MainProcess] Run : make_shares at node:0
[2026-08-02 20:14:26,189] [MainProcess] RunR: builtin_fetch_meta at node:0
[2026-08-02 20:14:26,191] [MainProcess] Run : make_shares at node:0
[2026-08-02 20:14:26,192] [MainProcess] RunR: builtin_fetch_meta at node:0
[2026-08-02 20:14:26,193] [MainProcess] Run : make_shares at node:0
[2026-08-02 20:14:26,194] [MainProcess] RunR: builtin_fetch_meta at node:0
[2026-08-02 20:14:26,196] [MainProcess] Run : make_shares at node:0
[2026-08-02 20:14:26,197] [MainProcess] RunR: builtin_fetch_meta at node:0
[2026-08-02 20:14:26,198] [MainProcess] Run : make_shares at node:0
[2026-08-02 20:14:26,214] [MainProcess] RunR: builtin_fetch_meta at node:0
[2026-08-02 20:14:26,216] [MainProcess] Run : make_shares at node:0
[2026-08-02 20:14:26,217] [MainProcess] RunR: builtin_fetch_meta at node:0
[2026-08-02 20:14:26,219] [MainProcess] Run : make_shares at node:0
[2026-08-02 20:14:26,220] [MainProcess] RunR: builtin_fetch_meta at node:0
[2026-08-02 20:14:26,221] [MainProcess] Run : make_shares at node:0
[2026-08-02 20:14:26,222] [MainProcess] RunR: builtin_fetch_meta at node:0
[2026-08-02 20:14:26,224] [MainProcess] Run : make_shares at node:0
[2026-08-02 20:14:26,238] [MainProcess] RunR: builtin_fetch_meta at node:0
[2026-08-02 20:14:26,239] [MainProcess] Run : make_shares at node:0
[2026-08-02 20:14:26,241] [MainProcess] RunR: builtin_fetch_meta at node:0
[2026-08-02 20:14:26,242] [MainProcess] Run : make_shares at node:0
[2026-08-02 20:14:26,243] [MainProcess] RunR: builtin_fetch_meta at node:0
[2026-08-02 20:14:26,245] [MainProcess] Run : make_shares at node:0
[2026-08-02 20:14:26,246] [MainProcess] RunR: builtin_fetch_meta at node:0
[2026-08-02 20:14:26,248] [MainProcess] Run : make_shares at node:0
[2026-08-02 20:14:26,254] [MainProcess] RunR: builtin_fetch_meta at node:0
[2026-08-02 20:14:26,256] [MainProcess] Run : make_shares at node:0
[2026-08-02 20:14:26,257] [MainProcess] RunR: builtin_fetch_meta at node:0
[2026-08-02 20:14:26,258] [MainProcess] Run : make_shares at node:0
[2026-08-02 20:14:26,261] [MainProcess] RunR: builtin_fetch_meta at node:0
[2026-08-02 20:14:26,263] [MainProcess] Run : make_shares at node:0
[2026-08-02 20:14:26,264] [MainProcess] RunR: builtin_fetch_meta at node:0
[2026-08-02 20:14:26,265] [MainProcess] Run : make_shares at node:0
[2026-08-02 20:14:26,266] [MainProcess] RunR: builtin_fetch_meta at node:0
[2026-08-02 20:14:26,268] [MainProcess] Run : make_shares at node:0
[2026-08-02 20:14:26,269] [MainProcess] RunR: builtin_fetch_meta at node:0
[2026-08-02 20:14:26,270] [MainProcess] Run : make_shares at node:0
[2026-08-02 20:14:26,284] [MainProcess] RunR: builtin_fetch_meta at node:0
[2026-08-02 20:14:26,286] [MainProcess] Run : make_shares at node:0
[2026-08-02 20:14:26,287] [MainProcess] RunR: builtin_fetch_meta at node:0
[2026-08-02 20:14:26,288] [MainProcess] Run : make_shares at node:0
[2026-08-02 20:14:26,289] [MainProcess] RunR: builtin_fetch_meta at node:0
[2026-08-02 20:14:26,291] [MainProcess] Run : make_shares at node:0
[2026-08-02 20:14:26,292] [MainProcess] RunR: builtin_fetch_meta at node:0
[2026-08-02 20:14:26,293] [MainProcess] Run : make_shares at node:0
[2026-08-02 20:14:26,305] [MainProcess] RunR: builtin_fetch_meta at node:0
[2026-08-02 20:14:26,306] [MainProcess] Run : make_shares at node:0
[2026-08-02 20:14:26,307] [MainProcess] RunR: builtin_fetch_meta at node:0
[2026-08-02 20:14:26,309] [MainProcess] Run : make_shares at node:0
[2026-08-02 20:14:26,310] [MainProcess] RunR: builtin_fetch_meta at node:0
[2026-08-02 20:14:26,311] [MainProcess] Run : make_shares at node:0
[2026-08-02 20:14:26,312] [MainProcess] RunR: builtin_fetch_meta at node:0
[2026-08-02 20:14:26,314] [MainProcess] Run : make_shares at node:0
[2026-08-02 20:14:26,322] [MainProcess] RunR: builtin_fetch_meta at node:0
[2026-08-02 20:14:26,323] [MainProcess] Run : make_shares at node:0
[2026-08-02 20:14:26,324] [MainProcess] RunR: builtin_fetch_meta at node:0
[2026-08-02 20:14:26,326] [MainProcess] Run : make_shares at node:0
[2026-08-02 20:14:26,329] [MainProcess] RunR: builtin_fetch_meta at node:0
[2026-08-02 20:14:26,330] [MainProcess] Run : make_shares at node:0
[2026-08-02 20:14:26,331] [MainProcess] RunR: builtin_fetch_meta at node:0
[2026-08-02 20:14:26,333] [MainProcess] Run : make_shares at node:0
[2026-08-02 20:14:26,334] [MainProcess] RunR: builtin_fetch_meta at node:0
[2026-08-02 20:14:26,335] [MainProcess] Run : make_shares at node:0
[2026-08-02 20:14:26,336] [MainProcess] RunR: builtin_fetch_meta at node:0
[2026-08-02 20:14:26,338] [MainProcess] Run : make_shares at node:0
[2026-08-02 20:14:26,354] [MainProcess] RunR: builtin_fetch_meta at node:0
[2026-08-02 20:14:26,356] [MainProcess] Run : make_shares at node:0
[2026-08-02 20:14:26,357] [MainProcess] RunR: builtin_fetch_meta at node:0
[2026-08-02 20:14:26,359] [MainProcess] Run : make_shares at node:0
[2026-08-02 20:14:26,360] [MainProcess] RunR: builtin_fetch_meta at node:0
[2026-08-02 20:14:26,361] [MainProcess] Run : make_shares at node:0
[2026-08-02 20:14:26,363] [MainProcess] RunR: builtin_fetch_meta at node:0
[2026-08-02 20:14:26,364] [MainProcess] Run : make_shares at node:0
[2026-08-02 20:14:26,375] [MainProcess] RunR: builtin_fetch_meta at node:0
[2026-08-02 20:14:26,377] [MainProcess] Run : make_shares at node:0
[2026-08-02 20:14:26,378] [MainProcess] RunR: builtin_fetch_meta at node:0
[2026-08-02 20:14:26,380] [MainProcess] Run : make_shares at node:0
[2026-08-02 20:14:26,381] [MainProcess] RunR: builtin_fetch_meta at node:0
[2026-08-02 20:14:26,382] [MainProcess] Run : make_shares at node:0
[2026-08-02 20:14:26,383] [MainProcess] RunR: builtin_fetch_meta at node:0
[2026-08-02 20:14:26,385] [MainProcess] Run : make_shares at node:0
[2026-08-02 20:14:26,394] [MainProcess] RunR: builtin_fetch_meta at node:0
[2026-08-02 20:14:26,396] [MainProcess] Run : make_shares at node:0
[2026-08-02 20:14:26,397] [MainProcess] RunR: builtin_fetch_meta at node:0
[2026-08-02 20:14:26,398] [MainProcess] Run : make_shares at node:0
[2026-08-02 20:14:26,402] [MainProcess] RunR: builtin_fetch_meta at node:0
[2026-08-02 20:14:26,403] [MainProcess] Run : make_shares at node:0
[2026-08-02 20:14:26,404] [MainProcess] RunR: builtin_fetch_meta at node:0
[2026-08-02 20:14:26,406] [MainProcess] Run : make_shares at node:0
[2026-08-02 20:14:26,407] [MainProcess] RunR: builtin_fetch_meta at node:0
[2026-08-02 20:14:26,408] [MainProcess] Run : make_shares at node:0
[2026-08-02 20:14:26,409] [MainProcess] RunR: builtin_fetch_meta at node:0
[2026-08-02 20:14:26,411] [MainProcess] Run : make_shares at node:0
[2026-08-02 20:14:26,423] [MainProcess] RunR: builtin_fetch_meta at node:0
[2026-08-02 20:14:26,424] [MainProcess] Run : make_shares at node:0
[2026-08-02 20:14:26,425] [MainProcess] RunR: builtin_fetch_meta at node:0
[2026-08-02 20:14:26,427] [MainProcess] Run : make_shares at node:0
[2026-08-02 20:14:26,428] [MainProcess] RunR: builtin_fetch_meta at node:0
[2026-08-02 20:14:26,430] [MainProcess] Run : make_shares at node:0
[2026-08-02 20:14:26,431] [MainProcess] RunR: builtin_fetch_meta at node:0
[2026-08-02 20:14:26,432] [MainProcess] Run : make_shares at node:0
[2026-08-02 20:14:26,444] [MainProcess] RunR: builtin_fetch_meta at node:0
[2026-08-02 20:14:26,445] [MainProcess] Run : make_shares at node:0
[2026-08-02 20:14:26,446] [MainProcess] RunR: builtin_fetch_meta at node:0
[2026-08-02 20:14:26,448] [MainProcess] Run : make_shares at node:0
[2026-08-02 20:14:26,449] [MainProcess] RunR: builtin_fetch_meta at node:0
[2026-08-02 20:14:26,450] [MainProcess] Run : make_shares at node:0
[2026-08-02 20:14:26,451] [MainProcess] RunR: builtin_fetch_meta at node:0
[2026-08-02 20:14:26,453] [MainProcess] Run : make_shares at node:0
[2026-08-02 20:14:26,454] [MainProcess] RunR: builtin_fetch_meta at node:0
[2026-08-02 20:14:26,456] [MainProcess] Run : make_shares at node:0
[2026-08-02 20:14:26,457] [MainProcess] RunR: builtin_fetch_meta at node:0
[2026-08-02 20:14:26,458] [MainProcess] Run : make_shares at node:0
[2026-08-02 20:14:26,459] [MainProcess] RunR: builtin_fetch_meta at node:0
[2026-08-02 20:14:26,460] [MainProcess] Run : make_shares at node:0
[2026-08-02 20:14:26,462] [MainProcess] RunR: builtin_fetch_meta at node:0
[2026-08-02 20:14:26,463] [MainProcess] Run : make_shares at node:0
[2026-08-02 20:14:26,466] [MainProcess] RunR: builtin_fetch_meta at node:0
[2026-08-02 20:14:26,468] [MainProcess] Run : make_shares at node:0
[2026-08-02 20:14:26,469] [MainProcess] RunR: builtin_fetch_meta at node:0
[2026-08-02 20:14:26,470] [MainProcess] Run : make_shares at node:0
[2026-08-02 20:14:26,471] [MainProcess] RunR: builtin_fetch_meta at node:0
[2026-08-02 20:14:26,473] [MainProcess] Run : make_shares at node:0
[2026-08-02 20:14:26,475] [MainProcess] RunR: builtin_fetch_meta at node:0
[2026-08-02 20:14:26,476] [MainProcess] Run : make_shares at node:0
[2026-08-02 20:14:26,477] [MainProcess] RunR: builtin_fetch_meta at node:0
[2026-08-02 20:14:26,479] [MainProcess] Run : make_shares at node:0
[2026-08-02 20:14:26,480] [MainProcess] RunR: builtin_fetch_meta at node:0
[2026-08-02 20:14:26,481] [MainProcess] Run : make_shares at node:0
[2026-08-02 20:14:26,483] [MainProcess] RunR: builtin_fetch_meta at node:0
[2026-08-02 20:14:26,484] [MainProcess] Run : make_shares at node:0
[2026-08-02 20:14:26,485] [MainProcess] RunR: builtin_fetch_meta at node:0
[2026-08-02 20:14:26,487] [MainProcess] Run : make_shares at node:0
[2026-08-02 20:14:26,488] [MainProcess] RunR: builtin_fetch_meta at node:0
[2026-08-02 20:14:26,489] [MainProcess] Run : make_shares at node:0
[2026-08-02 20:14:26,490] [MainProcess] RunR: builtin_fetch_meta at node:0
[2026-08-02 20:14:26,492] [MainProcess] Run : make_shares at node:0
[2026-08-02 20:14:26,493] [MainProcess] RunR: builtin_fetch_meta at node:0
[2026-08-02 20:14:26,494] [MainProcess] Run : make_shares at node:0
[2026-08-02 20:14:26,495] [MainProcess] RunR: builtin_fetch_meta at node:0
[2026-08-02 20:14:26,497] [MainProcess] Run : make_shares at node:0
[2026-08-02 20:14:26,498] [MainProcess] RunR: builtin_fetch_meta at node:0
[2026-08-02 20:14:26,499] [MainProcess] Run : make_shares at node:0
[2026-08-02 20:14:26,502] [MainProcess] RunR: builtin_fetch_meta at node:0
[2026-08-02 20:14:26,504] [MainProcess] Run : make_shares at node:0
[2026-08-02 20:14:26,505] [MainProcess] RunR: builtin_fetch_meta at node:0
[2026-08-02 20:14:26,506] [MainProcess] Run : make_shares at node:0
[2026-08-02 20:14:26,508] [MainProcess] RunR: builtin_fetch_meta at node:0
[2026-08-02 20:14:26,509] [MainProcess] Run : make_shares at node:0
[2026-08-02 20:14:26,511] [MainProcess] RunR: builtin_fetch_meta at node:0
[2026-08-02 20:14:26,513] [MainProcess] Run : make_shares at node:0
[2026-08-02 20:14:26,514] [MainProcess] RunR: builtin_fetch_meta at node:0
[2026-08-02 20:14:26,515] [MainProcess] Run : make_shares at node:0
[2026-08-02 20:14:26,516] [MainProcess] RunR: builtin_fetch_meta at node:0
[2026-08-02 20:14:26,518] [MainProcess] Run : make_shares at node:0
[2026-08-02 20:14:26,519] [MainProcess] RunR: builtin_fetch_meta at node:0
[2026-08-02 20:14:26,521] [MainProcess] Run : make_shares at node:0
[2026-08-02 20:14:26,522] [MainProcess] RunR: builtin_fetch_meta at node:0
[2026-08-02 20:14:26,523] [MainProcess] Run : make_shares at node:0
[2026-08-02 20:14:26,524] [MainProcess] RunR: builtin_fetch_meta at node:0
[2026-08-02 20:14:26,526] [MainProcess] Run : make_shares at node:0
[2026-08-02 20:14:26,527] [MainProcess] RunR: builtin_fetch_meta at node:0
[2026-08-02 20:14:26,528] [MainProcess] Run : make_shares at node:0
[2026-08-02 20:14:26,529] [MainProcess] RunR: builtin_fetch_meta at node:0
[2026-08-02 20:14:26,531] [MainProcess] Run : make_shares at node:0
[2026-08-02 20:14:26,532] [MainProcess] RunR: builtin_fetch_meta at node:0
[2026-08-02 20:14:26,534] [MainProcess] Run : make_shares at node:0
[2026-08-02 20:14:26,535] [MainProcess] RunR: builtin_fetch_meta at node:0
[2026-08-02 20:14:26,536] [MainProcess] Run : make_shares at node:0
[2026-08-02 20:14:26,539] [MainProcess] RunR: builtin_fetch_meta at node:0
[2026-08-02 20:14:26,541] [MainProcess] Run : make_shares at node:0
[2026-08-02 20:14:26,542] [MainProcess] RunR: builtin_fetch_meta at node:0
[2026-08-02 20:14:26,543] [MainProcess] Run : make_shares at node:0
[2026-08-02 20:14:26,544] [MainProcess] RunR: builtin_fetch_meta at node:0
[2026-08-02 20:14:26,546] [MainProcess] Run : make_shares at node:0
[2026-08-02 20:14:26,548] [MainProcess] RunR: builtin_fetch_meta at node:0
[2026-08-02 20:14:26,549] [MainProcess] Run : make_shares at node:0
[2026-08-02 20:14:26,550] [MainProcess] RunR: builtin_fetch_meta at node:0
[2026-08-02 20:14:26,552] [MainProcess] Run : make_shares at node:0
[2026-08-02 20:14:26,553] [MainProcess] RunR: builtin_fetch_meta at node:0
[2026-08-02 20:14:26,554] [MainProcess] Run : make_shares at node:0
[2026-08-02 20:14:26,556] [MainProcess] RunR: builtin_fetch_meta at node:0
[2026-08-02 20:14:26,557] [MainProcess] Run : make_shares at node:0
[2026-08-02 20:14:26,558] [MainProcess] RunR: builtin_fetch_meta at node:0
[2026-08-02 20:14:26,560] [MainProcess] Run : make_shares at node:0
[2026-08-02 20:14:26,561] [MainProcess] RunR: builtin_fetch_meta at node:0
[2026-08-02 20:14:26,562] [MainProcess] Run : make_shares at node:0
[2026-08-02 20:14:26,563] [MainProcess] RunR: builtin_fetch_meta at node:0
[2026-08-02 20:14:26,565] [MainProcess] Run : make_shares at node:0
[2026-08-02 20:14:26,566] [MainProcess] RunR: builtin_fetch_meta at node:0
[2026-08-02 20:14:29,930] [MainProcess] Run : builtin_spu_run at node:0
[2026-08-02 20:14:29,980] [MainProcess] RunR: builtin_fetch_object at node:0
[2026-08-02 20:14:30,180] [MainProcess] RunR: builtin_fetch_object at node:0
[2026-08-02 20:14:30,231] [MainProcess] RunR: builtin_fetch_object at node:0
[2026-08-02 20:14:30,233] [MainProcess] RunR: builtin_fetch_object at node:0
[2026-08-02 20:14:30,234] [MainProcess] RunR: builtin_fetch_object at node:0
[2026-08-02 20:14:30,237] [MainProcess] RunR: builtin_fetch_object at node:0
[2026-08-02 20:14:30,238] [MainProcess] RunR: builtin_fetch_object at node:0
[2026-08-02 20:14:30,239] [MainProcess] RunR: builtin_fetch_object at node:0
[2026-08-02 20:14:30,250] [MainProcess] RunR: builtin_fetch_object at node:0
[2026-08-02 20:14:30,251] [MainProcess] RunR: builtin_fetch_object at node:0
[2026-08-02 20:14:30,254] [MainProcess] RunR: builtin_fetch_object at node:0
[2026-08-02 20:14:30,255] [MainProcess] RunR: builtin_fetch_object at node:0
[2026-08-02 20:14:30,256] [MainProcess] RunR: builtin_fetch_object at node:0
[2026-08-02 20:14:30,257] [MainProcess] RunR: builtin_fetch_object at node:0
[2026-08-02 20:14:30,269] [MainProcess] RunR: builtin_fetch_object at node:0
[2026-08-02 20:14:30,270] [MainProcess] RunR: builtin_fetch_object at node:0
[2026-08-02 20:14:30,271] [MainProcess] RunR: builtin_fetch_object at node:0
[2026-08-02 20:14:30,272] [MainProcess] RunR: builtin_fetch_object at node:0
[2026-08-02 20:14:30,281] [MainProcess] RunR: builtin_fetch_object at node:0
[2026-08-02 20:14:30,282] [MainProcess] RunR: builtin_fetch_object at node:0
[2026-08-02 20:14:30,283] [MainProcess] RunR: builtin_fetch_object at node:0
[2026-08-02 20:14:30,284] [MainProcess] RunR: builtin_fetch_object at node:0
[2026-08-02 20:14:30,290] [MainProcess] RunR: builtin_fetch_object at node:0
[2026-08-02 20:14:30,291] [MainProcess] RunR: builtin_fetch_object at node:0
[2026-08-02 20:14:30,294] [MainProcess] RunR: builtin_fetch_object at node:0
[2026-08-02 20:14:30,296] [MainProcess] RunR: builtin_fetch_object at node:0
[2026-08-02 20:14:30,297] [MainProcess] RunR: builtin_fetch_object at node:0
[2026-08-02 20:14:30,298] [MainProcess] RunR: builtin_fetch_object at node:0
[2026-08-02 20:14:30,308] [MainProcess] RunR: builtin_fetch_object at node:0
[2026-08-02 20:14:30,311] [MainProcess] RunR: builtin_fetch_object at node:0
[2026-08-02 20:14:30,312] [MainProcess] RunR: builtin_fetch_object at node:0
[2026-08-02 20:14:30,314] [MainProcess] RunR: builtin_fetch_object at node:0
[2026-08-02 20:14:30,326] [MainProcess] RunR: builtin_fetch_object at node:0
[2026-08-02 20:14:30,330] [MainProcess] RunR: builtin_fetch_object at node:0
[2026-08-02 20:14:30,332] [MainProcess] RunR: builtin_fetch_object at node:0
[2026-08-02 20:14:30,333] [MainProcess] RunR: builtin_fetch_object at node:0
[2026-08-02 20:14:30,340] [MainProcess] RunR: builtin_fetch_object at node:0
[2026-08-02 20:14:30,341] [MainProcess] RunR: builtin_fetch_object at node:0
[2026-08-02 20:14:30,344] [MainProcess] RunR: builtin_fetch_object at node:0
[2026-08-02 20:14:30,345] [MainProcess] RunR: builtin_fetch_object at node:0
[2026-08-02 20:14:30,346] [MainProcess] RunR: builtin_fetch_object at node:0
[2026-08-02 20:14:30,347] [MainProcess] RunR: builtin_fetch_object at node:0
[2026-08-02 20:14:30,359] [MainProcess] RunR: builtin_fetch_object at node:0
[2026-08-02 20:14:30,360] [MainProcess] RunR: builtin_fetch_object at node:0
[2026-08-02 20:14:30,361] [MainProcess] RunR: builtin_fetch_object at node:0
[2026-08-02 20:14:30,362] [MainProcess] RunR: builtin_fetch_object at node:0
[2026-08-02 20:14:30,373] [MainProcess] RunR: builtin_fetch_object at node:0
[2026-08-02 20:14:30,374] [MainProcess] RunR: builtin_fetch_object at node:0
[2026-08-02 20:14:30,375] [MainProcess] RunR: builtin_fetch_object at node:0
[2026-08-02 20:14:30,376] [MainProcess] RunR: builtin_fetch_object at node:0
[2026-08-02 20:14:30,382] [MainProcess] RunR: builtin_fetch_object at node:0
[2026-08-02 20:14:30,383] [MainProcess] RunR: builtin_fetch_object at node:0
[2026-08-02 20:14:30,386] [MainProcess] RunR: builtin_fetch_object at node:0
[2026-08-02 20:14:30,387] [MainProcess] RunR: builtin_fetch_object at node:0
[2026-08-02 20:14:30,387] [MainProcess] RunR: builtin_fetch_object at node:0
[2026-08-02 20:14:30,388] [MainProcess] RunR: builtin_fetch_object at node:0
[2026-08-02 20:14:30,399] [MainProcess] RunR: builtin_fetch_object at node:0
[2026-08-02 20:14:30,400] [MainProcess] RunR: builtin_fetch_object at node:0
[2026-08-02 20:14:30,401] [MainProcess] RunR: builtin_fetch_object at node:0
[2026-08-02 20:14:30,402] [MainProcess] RunR: builtin_fetch_object at node:0
[2026-08-02 20:14:30,412] [MainProcess] RunR: builtin_fetch_object at node:0
[2026-08-02 20:14:30,413] [MainProcess] RunR: builtin_fetch_object at node:0
[2026-08-02 20:14:30,414] [MainProcess] RunR: builtin_fetch_object at node:0
[2026-08-02 20:14:30,415] [MainProcess] RunR: builtin_fetch_object at node:0
[2026-08-02 20:14:30,420] [MainProcess] RunR: builtin_fetch_object at node:0
[2026-08-02 20:14:30,421] [MainProcess] RunR: builtin_fetch_object at node:0
[2026-08-02 20:14:30,424] [MainProcess] RunR: builtin_fetch_object at node:0
[2026-08-02 20:14:30,425] [MainProcess] RunR: builtin_fetch_object at node:0
[2026-08-02 20:14:30,426] [MainProcess] RunR: builtin_fetch_object at node:0
[2026-08-02 20:14:30,427] [MainProcess] RunR: builtin_fetch_object at node:0
[2026-08-02 20:14:30,438] [MainProcess] RunR: builtin_fetch_object at node:0
[2026-08-02 20:14:30,439] [MainProcess] RunR: builtin_fetch_object at node:0
[2026-08-02 20:14:30,440] [MainProcess] RunR: builtin_fetch_object at node:0
[2026-08-02 20:14:30,441] [MainProcess] RunR: builtin_fetch_object at node:0
[2026-08-02 20:14:30,451] [MainProcess] RunR: builtin_fetch_object at node:0
[2026-08-02 20:14:30,452] [MainProcess] RunR: builtin_fetch_object at node:0
[2026-08-02 20:14:30,453] [MainProcess] RunR: builtin_fetch_object at node:0
[2026-08-02 20:14:30,454] [MainProcess] RunR: builtin_fetch_object at node:0
[2026-08-02 20:14:30,461] [MainProcess] RunR: builtin_fetch_object at node:0
[2026-08-02 20:14:30,462] [MainProcess] RunR: builtin_fetch_object at node:0
[2026-08-02 20:14:30,465] [MainProcess] RunR: builtin_fetch_object at node:0
[2026-08-02 20:14:30,466] [MainProcess] RunR: builtin_fetch_object at node:0
[2026-08-02 20:14:30,467] [MainProcess] RunR: builtin_fetch_object at node:0
[2026-08-02 20:14:30,468] [MainProcess] RunR: builtin_fetch_object at node:0
[2026-08-02 20:14:30,478] [MainProcess] RunR: builtin_fetch_object at node:0
[2026-08-02 20:14:30,480] [MainProcess] RunR: builtin_fetch_object at node:0
[2026-08-02 20:14:30,480] [MainProcess] RunR: builtin_fetch_object at node:0
[2026-08-02 20:14:30,481] [MainProcess] RunR: builtin_fetch_object at node:0
[2026-08-02 20:14:30,491] [MainProcess] RunR: builtin_fetch_object at node:0
[2026-08-02 20:14:30,492] [MainProcess] RunR: builtin_fetch_object at node:0
[2026-08-02 20:14:30,493] [MainProcess] RunR: builtin_fetch_object at node:0
[2026-08-02 20:14:30,493] [MainProcess] RunR: builtin_fetch_object at node:0
[2026-08-02 20:14:30,500] [MainProcess] RunR: builtin_fetch_object at node:0
[2026-08-02 20:14:30,501] [MainProcess] RunR: builtin_fetch_object at node:0
[2026-08-02 20:14:30,504] [MainProcess] RunR: builtin_fetch_object at node:0
[2026-08-02 20:14:30,505] [MainProcess] RunR: builtin_fetch_object at node:0
[2026-08-02 20:14:30,505] [MainProcess] RunR: builtin_fetch_object at node:0
[2026-08-02 20:14:30,506] [MainProcess] RunR: builtin_fetch_object at node:0
[2026-08-02 20:14:30,519] [MainProcess] RunR: builtin_fetch_object at node:0
[2026-08-02 20:14:30,520] [MainProcess] RunR: builtin_fetch_object at node:0
[2026-08-02 20:14:30,521] [MainProcess] RunR: builtin_fetch_object at node:0
[2026-08-02 20:14:30,522] [MainProcess] RunR: builtin_fetch_object at node:0
[2026-08-02 20:14:30,531] [MainProcess] RunR: builtin_fetch_object at node:0
[2026-08-02 20:14:30,533] [MainProcess] RunR: builtin_fetch_object at node:0
[2026-08-02 20:14:30,534] [MainProcess] RunR: builtin_fetch_object at node:0
[2026-08-02 20:14:30,535] [MainProcess] RunR: builtin_fetch_object at node:0
[2026-08-02 20:14:30,540] [MainProcess] RunR: builtin_fetch_object at node:0
[2026-08-02 20:14:30,541] [MainProcess] RunR: builtin_fetch_object at node:0
[2026-08-02 20:14:30,544] [MainProcess] RunR: builtin_fetch_object at node:0
[2026-08-02 20:14:30,545] [MainProcess] RunR: builtin_fetch_object at node:0
[2026-08-02 20:14:30,546] [MainProcess] RunR: builtin_fetch_object at node:0
[2026-08-02 20:14:30,547] [MainProcess] RunR: builtin_fetch_object at node:0
[2026-08-02 20:14:30,559] [MainProcess] RunR: builtin_fetch_object at node:0
[2026-08-02 20:14:30,560] [MainProcess] RunR: builtin_fetch_object at node:0
[2026-08-02 20:14:30,561] [MainProcess] RunR: builtin_fetch_object at node:0
[2026-08-02 20:14:30,562] [MainProcess] RunR: builtin_fetch_object at node:0
[2026-08-02 20:14:30,571] [MainProcess] RunR: builtin_fetch_object at node:0
[2026-08-02 20:14:30,572] [MainProcess] RunR: builtin_fetch_object at node:0
[2026-08-02 20:14:30,573] [MainProcess] RunR: builtin_fetch_object at node:0
[2026-08-02 20:14:30,574] [MainProcess] RunR: builtin_fetch_object at node:0
[2026-08-02 20:14:30,580] [MainProcess] RunR: builtin_fetch_object at node:0
[2026-08-02 20:14:30,581] [MainProcess] RunR: builtin_fetch_object at node:0
[2026-08-02 20:14:30,584] [MainProcess] RunR: builtin_fetch_object at node:0
[2026-08-02 20:14:30,585] [MainProcess] RunR: builtin_fetch_object at node:0
[2026-08-02 20:14:30,586] [MainProcess] RunR: builtin_fetch_object at node:0
[2026-08-02 20:14:30,587] [MainProcess] RunR: builtin_fetch_object at node:0
[2026-08-02 20:14:30,597] [MainProcess] RunR: builtin_fetch_object at node:0
[2026-08-02 20:14:30,598] [MainProcess] RunR: builtin_fetch_object at node:0
[2026-08-02 20:14:30,599] [MainProcess] RunR: builtin_fetch_object at node:0
[2026-08-02 20:14:30,600] [MainProcess] RunR: builtin_fetch_object at node:0
[2026-08-02 20:14:30,610] [MainProcess] RunR: builtin_fetch_object at node:0
[2026-08-02 20:14:30,611] [MainProcess] RunR: builtin_fetch_object at node:0
[2026-08-02 20:14:30,612] [MainProcess] RunR: builtin_fetch_object at node:0
[2026-08-02 20:14:30,613] [MainProcess] RunR: builtin_fetch_object at node:0
[2026-08-02 20:14:30,618] [MainProcess] RunR: builtin_fetch_object at node:0
[2026-08-02 20:14:30,619] [MainProcess] RunR: builtin_fetch_object at node:0
[2026-08-02 20:14:30,622] [MainProcess] RunR: builtin_fetch_object at node:0
[2026-08-02 20:14:30,623] [MainProcess] RunR: builtin_fetch_object at node:0
[2026-08-02 20:14:30,624] [MainProcess] RunR: builtin_fetch_object at node:0
[2026-08-02 20:14:30,625] [MainProcess] RunR: builtin_fetch_object at node:0
[2026-08-02 20:14:30,636] [MainProcess] RunR: builtin_fetch_object at node:0
[2026-08-02 20:14:30,638] [MainProcess] RunR: builtin_fetch_object at node:0
[2026-08-02 20:14:30,639] [MainProcess] RunR: builtin_fetch_object at node:0
[2026-08-02 20:14:30,639] [MainProcess] RunR: builtin_fetch_object at node:0
[2026-08-02 20:14:30,649] [MainProcess] RunR: builtin_fetch_object at node:0
[2026-08-02 20:14:30,650] [MainProcess] RunR: builtin_fetch_object at node:0
[2026-08-02 20:14:30,651] [MainProcess] RunR: builtin_fetch_object at node:0
[2026-08-02 20:14:30,652] [MainProcess] RunR: builtin_fetch_object at node:0
[2026-08-02 20:14:30,653] [MainProcess] RunR: builtin_fetch_object at node:0
[2026-08-02 20:14:30,654] [MainProcess] RunR: builtin_fetch_object at node:0
[2026-08-02 20:14:30,655] [MainProcess] RunR: builtin_fetch_object at node:0
[2026-08-02 20:14:30,656] [MainProcess] RunR: builtin_fetch_object at node:0
[2026-08-02 20:14:30,659] [MainProcess] RunR: builtin_fetch_object at node:0
[2026-08-02 20:14:30,660] [MainProcess] RunR: builtin_fetch_object at node:0
[2026-08-02 20:14:30,661] [MainProcess] RunR: builtin_fetch_object at node:0
[2026-08-02 20:14:30,663] [MainProcess] RunR: builtin_fetch_object at node:0
[2026-08-02 20:14:30,664] [MainProcess] RunR: builtin_fetch_object at node:0
[2026-08-02 20:14:30,665] [MainProcess] RunR: builtin_fetch_object at node:0
[2026-08-02 20:14:30,666] [MainProcess] RunR: builtin_fetch_object at node:0
[2026-08-02 20:14:30,667] [MainProcess] RunR: builtin_fetch_object at node:0
[2026-08-02 20:14:30,668] [MainProcess] RunR: builtin_fetch_object at node:0
[2026-08-02 20:14:30,669] [MainProcess] RunR: builtin_fetch_object at node:0
[2026-08-02 20:14:30,670] [MainProcess] RunR: builtin_fetch_object at node:0
[2026-08-02 20:14:30,671] [MainProcess] RunR: builtin_fetch_object at node:0
[2026-08-02 20:14:30,672] [MainProcess] RunR: builtin_fetch_object at node:0
[2026-08-02 20:14:30,674] [MainProcess] RunR: builtin_fetch_object at node:0
[2026-08-02 20:14:30,675] [MainProcess] RunR: builtin_fetch_object at node:0
[2026-08-02 20:14:30,676] [MainProcess] RunR: builtin_fetch_object at node:0
[2026-08-02 20:14:30,678] [MainProcess] RunR: builtin_fetch_object at node:0
[2026-08-02 20:14:30,678] [MainProcess] RunR: builtin_fetch_object at node:0
[2026-08-02 20:14:30,679] [MainProcess] RunR: builtin_fetch_object at node:0
[2026-08-02 20:14:30,681] [MainProcess] RunR: builtin_fetch_object at node:0
[2026-08-02 20:14:30,681] [MainProcess] RunR: builtin_fetch_object at node:0
[2026-08-02 20:14:30,682] [MainProcess] RunR: builtin_fetch_object at node:0
[2026-08-02 20:14:30,683] [MainProcess] RunR: builtin_fetch_object at node:0
[2026-08-02 20:14:30,684] [MainProcess] RunR: builtin_fetch_object at node:0
[2026-08-02 20:14:30,685] [MainProcess] RunR: builtin_fetch_object at node:0
[2026-08-02 20:14:30,686] [MainProcess] RunR: builtin_fetch_object at node:0
[2026-08-02 20:14:30,689] [MainProcess] RunR: builtin_fetch_object at node:0
[2026-08-02 20:14:30,690] [MainProcess] RunR: builtin_fetch_object at node:0
[2026-08-02 20:14:30,691] [MainProcess] RunR: builtin_fetch_object at node:0
[2026-08-02 20:14:30,692] [MainProcess] RunR: builtin_fetch_object at node:0
[2026-08-02 20:14:30,693] [MainProcess] RunR: builtin_fetch_object at node:0
[2026-08-02 20:14:30,694] [MainProcess] RunR: builtin_fetch_object at node:0
[2026-08-02 20:14:30,695] [MainProcess] RunR: builtin_fetch_object at node:0
[2026-08-02 20:14:30,696] [MainProcess] RunR: builtin_fetch_object at node:0
[2026-08-02 20:14:30,697] [MainProcess] RunR: builtin_fetch_object at node:0
[2026-08-02 20:14:30,698] [MainProcess] RunR: builtin_fetch_object at node:0
[2026-08-02 20:14:31.185] [info] [cheetah_dot.cc:310] CheetahDot uses 3@2 modulus 8192 degree for 64 bit ring (packing=enabled)
[2026-08-02 20:14:45.968] [info] [cheetah_mul.cc:335] CheetahMul uses 4 modulus for 64 bit input over 64 bit ring
[2026-08-02 20:14:51.446] [info] [cheetah_dot.cc:497] 1@16x384x384 => 16x256x2 Recv 0.353 MiB, Response 0.243 MiB Pack 116.724 ms (interleave)
[2026-08-02 20:14:51.615] [info] [cheetah_dot.cc:497] 1@16x384x384 => 16x256x2 Recv 0.353 MiB, Response 0.243 MiB Pack 122.064 ms (interleave)
[2026-08-02 20:15:38.078] [info] [cheetah_dot.cc:497] 1@16x384x384 => 16x256x2 Recv 0.353 MiB, Response 0.243 MiB Pack 120.978 ms (interleave)
[2026-08-02 20:15:38.242] [info] [cheetah_dot.cc:497] 1@16x384x384 => 16x256x2 Recv 0.353 MiB, Response 0.243 MiB Pack 116.432 ms (interleave)
[2026-08-02 20:16:24.018] [info] [cheetah_dot.cc:497] 1@16x384x384 => 16x256x2 Recv 0.353 MiB, Response 0.243 MiB Pack 115.437 ms (interleave)
[2026-08-02 20:16:24.184] [info] [cheetah_dot.cc:497] 1@16x384x384 => 16x256x2 Recv 0.353 MiB, Response 0.243 MiB Pack 117.926 ms (interleave)
[2026-08-02 20:18:31.373] [info] [cheetah_dot.cc:497] 1@16x384x384 => 16x256x2 Recv 0.353 MiB, Response 0.243 MiB Pack 119.646 ms (interleave)
[2026-08-02 20:18:31.539] [info] [cheetah_dot.cc:497] 1@16x384x384 => 16x256x2 Recv 0.353 MiB, Response 0.243 MiB Pack 120.003 ms (interleave)
[2026-08-02 20:19:02.119] [info] [cheetah_dot.cc:497] 1@16x384x384 => 16x256x2 Recv 0.353 MiB, Response 0.243 MiB Pack 119.468 ms (interleave)
[2026-08-02 20:19:02.281] [info] [cheetah_dot.cc:497] 1@16x384x384 => 16x256x2 Recv 0.353 MiB, Response 0.243 MiB Pack 116.674 ms (interleave)
[2026-08-02 20:19:32.393] [info] [cheetah_dot.cc:497] 1@16x384x384 => 16x256x2 Recv 0.353 MiB, Response 0.243 MiB Pack 119.152 ms (interleave)
[2026-08-02 20:19:32.556] [info] [cheetah_dot.cc:497] 1@16x384x384 => 16x256x2 Recv 0.353 MiB, Response 0.243 MiB Pack 116.359 ms (interleave)
[2026-08-02 20:20:51.499] [info] [cheetah_dot.cc:497] 1@16x384x384 => 16x256x2 Recv 0.353 MiB, Response 0.243 MiB Pack 115.491 ms (interleave)
[2026-08-02 20:20:51.664] [info] [cheetah_dot.cc:497] 1@16x384x384 => 16x256x2 Recv 0.353 MiB, Response 0.243 MiB Pack 118.84 ms (interleave)
[2026-08-02 20:21:12.513] [info] [cheetah_dot.cc:497] 1@16x384x384 => 16x256x2 Recv 0.353 MiB, Response 0.243 MiB Pack 119.281 ms (interleave)
[2026-08-02 20:21:12.674] [info] [cheetah_dot.cc:497] 1@16x384x384 => 16x256x2 Recv 0.353 MiB, Response 0.243 MiB Pack 115.905 ms (interleave)
[2026-08-02 20:21:33.508] [info] [cheetah_dot.cc:497] 1@16x384x384 => 16x256x2 Recv 0.353 MiB, Response 0.243 MiB Pack 118.955 ms (interleave)
[2026-08-02 20:21:33.669] [info] [cheetah_dot.cc:497] 1@16x384x384 => 16x256x2 Recv 0.353 MiB, Response 0.243 MiB Pack 115.493 ms (interleave)
[2026-08-02 20:22:05.838] [info] [cheetah_dot.cc:497] 1@16x384x384 => 16x256x2 Recv 0.353 MiB, Response 0.243 MiB Pack 115.895 ms (interleave)
[2026-08-02 20:22:05.999] [info] [cheetah_dot.cc:497] 1@16x384x384 => 16x256x2 Recv 0.353 MiB, Response 0.243 MiB Pack 116.441 ms (interleave)
[2026-08-02 20:22:07.024] [info] [cheetah_dot.cc:497] 1@16x384x1536 => 16x256x2 Recv 0.353 MiB, Response 0.728 MiB Pack 795.048 ms (interleave)
[2026-08-02 20:22:07.433] [info] [cheetah_dot.cc:497] 1@16x1536x384 => 16x512x1 Recv 0.529 MiB, Response 0.243 MiB Pack 224.688 ms (interleave)
[2026-08-02 20:22:07.501] [info] [cheetah_dot.cc:497] 1@16x384x2 => 16x384x1 Recv 0.176 MiB, Response 0.243 MiB Pack 0 ms (none)
[2026-08-02 20:22:07,505] [MainProcess] RunR: builtin_fetch_meta at node:0
[2026-08-02 20:22:07,509] [MainProcess] RunR: builtin_gc at node:0
[2026-08-02 20:22:07,512] [MainProcess] RunR: builtin_gc at node:0
[2026-08-02 20:22:07,515] [MainProcess] RunR: builtin_gc at node:0
[2026-08-02 20:22:07,518] [MainProcess] RunR: builtin_gc at node:0
[2026-08-02 20:22:07,521] [MainProcess] RunR: builtin_gc at node:0
[2026-08-02 20:22:07,523] [MainProcess] RunR: builtin_gc at node:0
[2026-08-02 20:22:07,526] [MainProcess] RunR: builtin_gc at node:0
[2026-08-02 20:22:07,528] [MainProcess] RunR: builtin_fetch_object at node:0
[2026-08-02 20:22:07,530] [MainProcess] Run : load_share_chunk_from_party_manifest at node:0
[2026-08-02 20:22:07,540] [MainProcess] Run : make_shares at node:0
[2026-08-02 20:22:07,618] [MainProcess] RunR: builtin_fetch_meta at node:0
[2026-08-02 20:22:07,651] [MainProcess] Run : make_shares at node:0
[2026-08-02 20:22:07,657] [MainProcess] RunR: builtin_fetch_meta at node:0
[2026-08-02 20:22:07,659] [MainProcess] Run : make_shares at node:0
[2026-08-02 20:22:07,660] [MainProcess] RunR: builtin_fetch_meta at node:0
[2026-08-02 20:22:07,662] [MainProcess] Run : make_shares at node:0
[2026-08-02 20:22:07,663] [MainProcess] RunR: builtin_fetch_meta at node:0
[2026-08-02 20:22:07,665] [MainProcess] Run : make_shares at node:0
[2026-08-02 20:22:07,670] [MainProcess] RunR: builtin_fetch_meta at node:0
[2026-08-02 20:22:07,671] [MainProcess] Run : make_shares at node:0
[2026-08-02 20:22:07,672] [MainProcess] RunR: builtin_fetch_meta at node:0
[2026-08-02 20:22:07,674] [MainProcess] Run : make_shares at node:0
[2026-08-02 20:22:07,675] [MainProcess] RunR: builtin_fetch_meta at node:0
[2026-08-02 20:22:07,677] [MainProcess] Run : make_shares at node:0
[2026-08-02 20:22:07,691] [MainProcess] RunR: builtin_fetch_meta at node:0
[2026-08-02 20:22:07,693] [MainProcess] Run : make_shares at node:0
[2026-08-02 20:22:07,694] [MainProcess] RunR: builtin_fetch_meta at node:0
[2026-08-02 20:22:07,696] [MainProcess] Run : make_shares at node:0
[2026-08-02 20:22:07,699] [MainProcess] RunR: builtin_fetch_meta at node:0
[2026-08-02 20:22:07,700] [MainProcess] Run : make_shares at node:0
[2026-08-02 20:22:07,702] [MainProcess] RunR: builtin_fetch_meta at node:0
[2026-08-02 20:22:07,703] [MainProcess] Run : make_shares at node:0
[2026-08-02 20:22:07,704] [MainProcess] RunR: builtin_fetch_meta at node:0
[2026-08-02 20:22:07,706] [MainProcess] Run : make_shares at node:0
[2026-08-02 20:22:07,707] [MainProcess] RunR: builtin_fetch_meta at node:0
[2026-08-02 20:22:07,709] [MainProcess] Run : make_shares at node:0
[2026-08-02 20:22:07,727] [MainProcess] RunR: builtin_fetch_meta at node:0
[2026-08-02 20:22:07,729] [MainProcess] Run : make_shares at node:0
[2026-08-02 20:22:07,730] [MainProcess] RunR: builtin_fetch_meta at node:0
[2026-08-02 20:22:07,732] [MainProcess] Run : make_shares at node:0
[2026-08-02 20:22:07,733] [MainProcess] RunR: builtin_fetch_meta at node:0
[2026-08-02 20:22:07,735] [MainProcess] Run : make_shares at node:0
[2026-08-02 20:22:07,736] [MainProcess] RunR: builtin_fetch_meta at node:0
[2026-08-02 20:22:07,737] [MainProcess] Run : make_shares at node:0
[2026-08-02 20:22:07,749] [MainProcess] RunR: builtin_fetch_meta at node:0
[2026-08-02 20:22:07,751] [MainProcess] Run : make_shares at node:0
[2026-08-02 20:22:07,752] [MainProcess] RunR: builtin_fetch_meta at node:0
[2026-08-02 20:22:07,754] [MainProcess] Run : make_shares at node:0
[2026-08-02 20:22:07,755] [MainProcess] RunR: builtin_fetch_meta at node:0
[2026-08-02 20:22:07,756] [MainProcess] Run : make_shares at node:0
[2026-08-02 20:22:07,758] [MainProcess] RunR: builtin_fetch_meta at node:0
[2026-08-02 20:22:07,759] [MainProcess] Run : make_shares at node:0
[2026-08-02 20:22:07,766] [MainProcess] RunR: builtin_fetch_meta at node:0
[2026-08-02 20:22:07,768] [MainProcess] Run : make_shares at node:0
[2026-08-02 20:22:07,769] [MainProcess] RunR: builtin_fetch_meta at node:0
[2026-08-02 20:22:07,771] [MainProcess] Run : make_shares at node:0
[2026-08-02 20:22:07,774] [MainProcess] RunR: builtin_fetch_meta at node:0
[2026-08-02 20:22:07,775] [MainProcess] Run : make_shares at node:0
[2026-08-02 20:22:07,776] [MainProcess] RunR: builtin_fetch_meta at node:0
[2026-08-02 20:22:07,778] [MainProcess] Run : make_shares at node:0
[2026-08-02 20:22:07,779] [MainProcess] RunR: builtin_fetch_meta at node:0
[2026-08-02 20:22:07,781] [MainProcess] Run : make_shares at node:0
[2026-08-02 20:22:07,782] [MainProcess] RunR: builtin_fetch_meta at node:0
[2026-08-02 20:22:07,783] [MainProcess] Run : make_shares at node:0
[2026-08-02 20:22:07,801] [MainProcess] RunR: builtin_fetch_meta at node:0
[2026-08-02 20:22:07,803] [MainProcess] Run : make_shares at node:0
[2026-08-02 20:22:07,804] [MainProcess] RunR: builtin_fetch_meta at node:0
[2026-08-02 20:22:07,806] [MainProcess] Run : make_shares at node:0
[2026-08-02 20:22:07,807] [MainProcess] RunR: builtin_fetch_meta at node:0
[2026-08-02 20:22:07,808] [MainProcess] Run : make_shares at node:0
[2026-08-02 20:22:07,810] [MainProcess] RunR: builtin_fetch_meta at node:0
[2026-08-02 20:22:07,811] [MainProcess] Run : make_shares at node:0
[2026-08-02 20:22:07,821] [MainProcess] RunR: builtin_fetch_meta at node:0
[2026-08-02 20:22:07,823] [MainProcess] Run : make_shares at node:0
[2026-08-02 20:22:07,824] [MainProcess] RunR: builtin_fetch_meta at node:0
[2026-08-02 20:22:07,826] [MainProcess] Run : make_shares at node:0
[2026-08-02 20:22:07,827] [MainProcess] RunR: builtin_fetch_meta at node:0
[2026-08-02 20:22:07,829] [MainProcess] Run : make_shares at node:0
[2026-08-02 20:22:07,830] [MainProcess] RunR: builtin_fetch_meta at node:0
[2026-08-02 20:22:07,831] [MainProcess] Run : make_shares at node:0
[2026-08-02 20:22:07,839] [MainProcess] RunR: builtin_fetch_meta at node:0
[2026-08-02 20:22:07,840] [MainProcess] Run : make_shares at node:0
[2026-08-02 20:22:07,841] [MainProcess] RunR: builtin_fetch_meta at node:0
[2026-08-02 20:22:07,843] [MainProcess] Run : make_shares at node:0
[2026-08-02 20:22:07,846] [MainProcess] RunR: builtin_fetch_meta at node:0
[2026-08-02 20:22:07,848] [MainProcess] Run : make_shares at node:0
[2026-08-02 20:22:07,849] [MainProcess] RunR: builtin_fetch_meta at node:0
[2026-08-02 20:22:07,851] [MainProcess] Run : make_shares at node:0
[2026-08-02 20:22:07,852] [MainProcess] RunR: builtin_fetch_meta at node:0
[2026-08-02 20:22:07,853] [MainProcess] Run : make_shares at node:0
[2026-08-02 20:22:07,855] [MainProcess] RunR: builtin_fetch_meta at node:0
[2026-08-02 20:22:07,856] [MainProcess] Run : make_shares at node:0
[2026-08-02 20:22:07,873] [MainProcess] RunR: builtin_fetch_meta at node:0
[2026-08-02 20:22:07,875] [MainProcess] Run : make_shares at node:0
[2026-08-02 20:22:07,876] [MainProcess] RunR: builtin_fetch_meta at node:0
[2026-08-02 20:22:07,878] [MainProcess] Run : make_shares at node:0
[2026-08-02 20:22:07,879] [MainProcess] RunR: builtin_fetch_meta at node:0
[2026-08-02 20:22:07,881] [MainProcess] Run : make_shares at node:0
[2026-08-02 20:22:07,882] [MainProcess] RunR: builtin_fetch_meta at node:0
[2026-08-02 20:22:07,883] [MainProcess] Run : make_shares at node:0
[2026-08-02 20:22:07,895] [MainProcess] RunR: builtin_fetch_meta at node:0
[2026-08-02 20:22:07,896] [MainProcess] Run : make_shares at node:0
[2026-08-02 20:22:07,898] [MainProcess] RunR: builtin_fetch_meta at node:0
[2026-08-02 20:22:07,899] [MainProcess] Run : make_shares at node:0
[2026-08-02 20:22:07,901] [MainProcess] RunR: builtin_fetch_meta at node:0
[2026-08-02 20:22:07,902] [MainProcess] Run : make_shares at node:0
[2026-08-02 20:22:07,903] [MainProcess] RunR: builtin_fetch_meta at node:0
[2026-08-02 20:22:07,905] [MainProcess] Run : make_shares at node:0
[2026-08-02 20:22:07,912] [MainProcess] RunR: builtin_fetch_meta at node:0
[2026-08-02 20:22:07,914] [MainProcess] Run : make_shares at node:0
[2026-08-02 20:22:07,915] [MainProcess] RunR: builtin_fetch_meta at node:0
[2026-08-02 20:22:07,917] [MainProcess] Run : make_shares at node:0
[2026-08-02 20:22:07,920] [MainProcess] RunR: builtin_fetch_meta at node:0
[2026-08-02 20:22:07,921] [MainProcess] Run : make_shares at node:0
[2026-08-02 20:22:07,922] [MainProcess] RunR: builtin_fetch_meta at node:0
[2026-08-02 20:22:07,924] [MainProcess] Run : make_shares at node:0
[2026-08-02 20:22:07,925] [MainProcess] RunR: builtin_fetch_meta at node:0
[2026-08-02 20:22:07,926] [MainProcess] Run : make_shares at node:0
[2026-08-02 20:22:07,927] [MainProcess] RunR: builtin_fetch_meta at node:0
[2026-08-02 20:22:07,929] [MainProcess] Run : make_shares at node:0
[2026-08-02 20:22:07,944] [MainProcess] RunR: builtin_fetch_meta at node:0
[2026-08-02 20:22:07,946] [MainProcess] Run : make_shares at node:0
[2026-08-02 20:22:07,947] [MainProcess] RunR: builtin_fetch_meta at node:0
[2026-08-02 20:22:07,949] [MainProcess] Run : make_shares at node:0
[2026-08-02 20:22:07,950] [MainProcess] RunR: builtin_fetch_meta at node:0
[2026-08-02 20:22:07,951] [MainProcess] Run : make_shares at node:0
[2026-08-02 20:22:07,952] [MainProcess] RunR: builtin_fetch_meta at node:0
[2026-08-02 20:22:07,954] [MainProcess] Run : make_shares at node:0
[2026-08-02 20:22:07,966] [MainProcess] RunR: builtin_fetch_meta at node:0
[2026-08-02 20:22:07,968] [MainProcess] Run : make_shares at node:0
[2026-08-02 20:22:07,969] [MainProcess] RunR: builtin_fetch_meta at node:0
[2026-08-02 20:22:07,970] [MainProcess] Run : make_shares at node:0
[2026-08-02 20:22:07,972] [MainProcess] RunR: builtin_fetch_meta at node:0
[2026-08-02 20:22:07,973] [MainProcess] Run : make_shares at node:0
[2026-08-02 20:22:07,974] [MainProcess] RunR: builtin_fetch_meta at node:0
[2026-08-02 20:22:07,976] [MainProcess] Run : make_shares at node:0
[2026-08-02 20:22:07,983] [MainProcess] RunR: builtin_fetch_meta at node:0
[2026-08-02 20:22:07,985] [MainProcess] Run : make_shares at node:0
[2026-08-02 20:22:07,986] [MainProcess] RunR: builtin_fetch_meta at node:0
[2026-08-02 20:22:07,988] [MainProcess] Run : make_shares at node:0
[2026-08-02 20:22:07,991] [MainProcess] RunR: builtin_fetch_meta at node:0
[2026-08-02 20:22:07,992] [MainProcess] Run : make_shares at node:0
[2026-08-02 20:22:07,994] [MainProcess] RunR: builtin_fetch_meta at node:0
[2026-08-02 20:22:07,995] [MainProcess] Run : make_shares at node:0
[2026-08-02 20:22:07,996] [MainProcess] RunR: builtin_fetch_meta at node:0
[2026-08-02 20:22:07,998] [MainProcess] Run : make_shares at node:0
[2026-08-02 20:22:07,999] [MainProcess] RunR: builtin_fetch_meta at node:0
[2026-08-02 20:22:08,000] [MainProcess] Run : make_shares at node:0
[2026-08-02 20:22:08,017] [MainProcess] RunR: builtin_fetch_meta at node:0
[2026-08-02 20:22:08,019] [MainProcess] Run : make_shares at node:0
[2026-08-02 20:22:08,020] [MainProcess] RunR: builtin_fetch_meta at node:0
[2026-08-02 20:22:08,022] [MainProcess] Run : make_shares at node:0
[2026-08-02 20:22:08,023] [MainProcess] RunR: builtin_fetch_meta at node:0
[2026-08-02 20:22:08,025] [MainProcess] Run : make_shares at node:0
[2026-08-02 20:22:08,026] [MainProcess] RunR: builtin_fetch_meta at node:0
[2026-08-02 20:22:08,028] [MainProcess] Run : make_shares at node:0
[2026-08-02 20:22:08,040] [MainProcess] RunR: builtin_fetch_meta at node:0
[2026-08-02 20:22:08,042] [MainProcess] Run : make_shares at node:0
[2026-08-02 20:22:08,043] [MainProcess] RunR: builtin_fetch_meta at node:0
[2026-08-02 20:22:08,044] [MainProcess] Run : make_shares at node:0
[2026-08-02 20:22:08,046] [MainProcess] RunR: builtin_fetch_meta at node:0
[2026-08-02 20:22:08,047] [MainProcess] Run : make_shares at node:0
[2026-08-02 20:22:08,048] [MainProcess] RunR: builtin_fetch_meta at node:0
[2026-08-02 20:22:08,050] [MainProcess] Run : make_shares at node:0
[2026-08-02 20:22:08,056] [MainProcess] RunR: builtin_fetch_meta at node:0
[2026-08-02 20:22:08,058] [MainProcess] Run : make_shares at node:0
[2026-08-02 20:22:08,059] [MainProcess] RunR: builtin_fetch_meta at node:0
[2026-08-02 20:22:08,060] [MainProcess] Run : make_shares at node:0
[2026-08-02 20:22:08,064] [MainProcess] RunR: builtin_fetch_meta at node:0
[2026-08-02 20:22:08,066] [MainProcess] Run : make_shares at node:0
[2026-08-02 20:22:08,067] [MainProcess] RunR: builtin_fetch_meta at node:0
[2026-08-02 20:22:08,069] [MainProcess] Run : make_shares at node:0
[2026-08-02 20:22:08,070] [MainProcess] RunR: builtin_fetch_meta at node:0
[2026-08-02 20:22:08,071] [MainProcess] Run : make_shares at node:0
[2026-08-02 20:22:08,072] [MainProcess] RunR: builtin_fetch_meta at node:0
[2026-08-02 20:22:08,074] [MainProcess] Run : make_shares at node:0
[2026-08-02 20:22:08,090] [MainProcess] RunR: builtin_fetch_meta at node:0
[2026-08-02 20:22:08,091] [MainProcess] Run : make_shares at node:0
[2026-08-02 20:22:08,093] [MainProcess] RunR: builtin_fetch_meta at node:0
[2026-08-02 20:22:08,094] [MainProcess] Run : make_shares at node:0
[2026-08-02 20:22:08,095] [MainProcess] RunR: builtin_fetch_meta at node:0
[2026-08-02 20:22:08,097] [MainProcess] Run : make_shares at node:0
[2026-08-02 20:22:08,098] [MainProcess] RunR: builtin_fetch_meta at node:0
[2026-08-02 20:22:08,100] [MainProcess] Run : make_shares at node:0
[2026-08-02 20:22:08,112] [MainProcess] RunR: builtin_fetch_meta at node:0
[2026-08-02 20:22:08,114] [MainProcess] Run : make_shares at node:0
[2026-08-02 20:22:08,115] [MainProcess] RunR: builtin_fetch_meta at node:0
[2026-08-02 20:22:08,117] [MainProcess] Run : make_shares at node:0
[2026-08-02 20:22:08,118] [MainProcess] RunR: builtin_fetch_meta at node:0
[2026-08-02 20:22:08,120] [MainProcess] Run : make_shares at node:0
[2026-08-02 20:22:08,121] [MainProcess] RunR: builtin_fetch_meta at node:0
[2026-08-02 20:22:08,122] [MainProcess] Run : make_shares at node:0
[2026-08-02 20:22:08,131] [MainProcess] RunR: builtin_fetch_meta at node:0
[2026-08-02 20:22:08,133] [MainProcess] Run : make_shares at node:0
[2026-08-02 20:22:08,134] [MainProcess] RunR: builtin_fetch_meta at node:0
[2026-08-02 20:22:08,136] [MainProcess] Run : make_shares at node:0
[2026-08-02 20:22:08,139] [MainProcess] RunR: builtin_fetch_meta at node:0
[2026-08-02 20:22:08,140] [MainProcess] Run : make_shares at node:0
[2026-08-02 20:22:08,142] [MainProcess] RunR: builtin_fetch_meta at node:0
[2026-08-02 20:22:08,143] [MainProcess] Run : make_shares at node:0
[2026-08-02 20:22:08,144] [MainProcess] RunR: builtin_fetch_meta at node:0
[2026-08-02 20:22:08,146] [MainProcess] Run : make_shares at node:0
[2026-08-02 20:22:08,147] [MainProcess] RunR: builtin_fetch_meta at node:0
[2026-08-02 20:22:08,148] [MainProcess] Run : make_shares at node:0
[2026-08-02 20:22:08,165] [MainProcess] RunR: builtin_fetch_meta at node:0
[2026-08-02 20:22:08,167] [MainProcess] Run : make_shares at node:0
[2026-08-02 20:22:08,168] [MainProcess] RunR: builtin_fetch_meta at node:0
[2026-08-02 20:22:08,170] [MainProcess] Run : make_shares at node:0
[2026-08-02 20:22:08,171] [MainProcess] RunR: builtin_fetch_meta at node:0
[2026-08-02 20:22:08,173] [MainProcess] Run : make_shares at node:0
[2026-08-02 20:22:08,174] [MainProcess] RunR: builtin_fetch_meta at node:0
[2026-08-02 20:22:08,176] [MainProcess] Run : make_shares at node:0
[2026-08-02 20:22:08,188] [MainProcess] RunR: builtin_fetch_meta at node:0
[2026-08-02 20:22:08,190] [MainProcess] Run : make_shares at node:0
[2026-08-02 20:22:08,191] [MainProcess] RunR: builtin_fetch_meta at node:0
[2026-08-02 20:22:08,193] [MainProcess] Run : make_shares at node:0
[2026-08-02 20:22:08,194] [MainProcess] RunR: builtin_fetch_meta at node:0
[2026-08-02 20:22:08,195] [MainProcess] Run : make_shares at node:0
[2026-08-02 20:22:08,197] [MainProcess] RunR: builtin_fetch_meta at node:0
[2026-08-02 20:22:08,198] [MainProcess] Run : make_shares at node:0
[2026-08-02 20:22:08,204] [MainProcess] RunR: builtin_fetch_meta at node:0
[2026-08-02 20:22:08,206] [MainProcess] Run : make_shares at node:0
[2026-08-02 20:22:08,207] [MainProcess] RunR: builtin_fetch_meta at node:0
[2026-08-02 20:22:08,209] [MainProcess] Run : make_shares at node:0
[2026-08-02 20:22:08,212] [MainProcess] RunR: builtin_fetch_meta at node:0
[2026-08-02 20:22:08,213] [MainProcess] Run : make_shares at node:0
[2026-08-02 20:22:08,215] [MainProcess] RunR: builtin_fetch_meta at node:0
[2026-08-02 20:22:08,216] [MainProcess] Run : make_shares at node:0
[2026-08-02 20:22:08,217] [MainProcess] RunR: builtin_fetch_meta at node:0
[2026-08-02 20:22:08,219] [MainProcess] Run : make_shares at node:0
[2026-08-02 20:22:08,220] [MainProcess] RunR: builtin_fetch_meta at node:0
[2026-08-02 20:22:08,221] [MainProcess] Run : make_shares at node:0
[2026-08-02 20:22:08,238] [MainProcess] RunR: builtin_fetch_meta at node:0
[2026-08-02 20:22:08,239] [MainProcess] Run : make_shares at node:0
[2026-08-02 20:22:08,241] [MainProcess] RunR: builtin_fetch_meta at node:0
[2026-08-02 20:22:08,242] [MainProcess] Run : make_shares at node:0
[2026-08-02 20:22:08,243] [MainProcess] RunR: builtin_fetch_meta at node:0
[2026-08-02 20:22:08,245] [MainProcess] Run : make_shares at node:0
[2026-08-02 20:22:08,246] [MainProcess] RunR: builtin_fetch_meta at node:0
[2026-08-02 20:22:08,248] [MainProcess] Run : make_shares at node:0
[2026-08-02 20:22:08,262] [MainProcess] RunR: builtin_fetch_meta at node:0
[2026-08-02 20:22:08,263] [MainProcess] Run : make_shares at node:0
[2026-08-02 20:22:08,265] [MainProcess] RunR: builtin_fetch_meta at node:0
[2026-08-02 20:22:08,266] [MainProcess] Run : make_shares at node:0
[2026-08-02 20:22:08,268] [MainProcess] RunR: builtin_fetch_meta at node:0
[2026-08-02 20:22:08,269] [MainProcess] Run : make_shares at node:0
[2026-08-02 20:22:08,270] [MainProcess] RunR: builtin_fetch_meta at node:0
[2026-08-02 20:22:08,272] [MainProcess] Run : make_shares at node:0
[2026-08-02 20:22:08,279] [MainProcess] RunR: builtin_fetch_meta at node:0
[2026-08-02 20:22:08,280] [MainProcess] Run : make_shares at node:0
[2026-08-02 20:22:08,281] [MainProcess] RunR: builtin_fetch_meta at node:0
[2026-08-02 20:22:08,283] [MainProcess] Run : make_shares at node:0
[2026-08-02 20:22:08,286] [MainProcess] RunR: builtin_fetch_meta at node:0
[2026-08-02 20:22:08,288] [MainProcess] Run : make_shares at node:0
[2026-08-02 20:22:08,289] [MainProcess] RunR: builtin_fetch_meta at node:0
[2026-08-02 20:22:08,291] [MainProcess] Run : make_shares at node:0
[2026-08-02 20:22:08,292] [MainProcess] RunR: builtin_fetch_meta at node:0
[2026-08-02 20:22:08,293] [MainProcess] Run : make_shares at node:0
[2026-08-02 20:22:08,294] [MainProcess] RunR: builtin_fetch_meta at node:0
[2026-08-02 20:22:08,296] [MainProcess] Run : make_shares at node:0
[2026-08-02 20:22:08,310] [MainProcess] RunR: builtin_fetch_meta at node:0
[2026-08-02 20:22:08,312] [MainProcess] Run : make_shares at node:0
[2026-08-02 20:22:08,313] [MainProcess] RunR: builtin_fetch_meta at node:0
[2026-08-02 20:22:08,314] [MainProcess] Run : make_shares at node:0
[2026-08-02 20:22:08,316] [MainProcess] RunR: builtin_fetch_meta at node:0
[2026-08-02 20:22:08,317] [MainProcess] Run : make_shares at node:0
[2026-08-02 20:22:08,318] [MainProcess] RunR: builtin_fetch_meta at node:0
[2026-08-02 20:22:08,320] [MainProcess] Run : make_shares at node:0
[2026-08-02 20:22:08,332] [MainProcess] RunR: builtin_fetch_meta at node:0
[2026-08-02 20:22:08,334] [MainProcess] Run : make_shares at node:0
[2026-08-02 20:22:08,335] [MainProcess] RunR: builtin_fetch_meta at node:0
[2026-08-02 20:22:08,337] [MainProcess] Run : make_shares at node:0
[2026-08-02 20:22:08,338] [MainProcess] RunR: builtin_fetch_meta at node:0
[2026-08-02 20:22:08,339] [MainProcess] Run : make_shares at node:0
[2026-08-02 20:22:08,340] [MainProcess] RunR: builtin_fetch_meta at node:0
[2026-08-02 20:22:08,342] [MainProcess] Run : make_shares at node:0
[2026-08-02 20:22:08,350] [MainProcess] RunR: builtin_fetch_meta at node:0
[2026-08-02 20:22:08,351] [MainProcess] Run : make_shares at node:0
[2026-08-02 20:22:08,353] [MainProcess] RunR: builtin_fetch_meta at node:0
[2026-08-02 20:22:08,354] [MainProcess] Run : make_shares at node:0
[2026-08-02 20:22:08,358] [MainProcess] RunR: builtin_fetch_meta at node:0
[2026-08-02 20:22:08,359] [MainProcess] Run : make_shares at node:0
[2026-08-02 20:22:08,360] [MainProcess] RunR: builtin_fetch_meta at node:0
[2026-08-02 20:22:08,362] [MainProcess] Run : make_shares at node:0
[2026-08-02 20:22:08,363] [MainProcess] RunR: builtin_fetch_meta at node:0
[2026-08-02 20:22:08,365] [MainProcess] Run : make_shares at node:0
[2026-08-02 20:22:08,366] [MainProcess] RunR: builtin_fetch_meta at node:0
[2026-08-02 20:22:08,367] [MainProcess] Run : make_shares at node:0
[2026-08-02 20:22:08,384] [MainProcess] RunR: builtin_fetch_meta at node:0
[2026-08-02 20:22:08,386] [MainProcess] Run : make_shares at node:0
[2026-08-02 20:22:08,388] [MainProcess] RunR: builtin_fetch_meta at node:0
[2026-08-02 20:22:08,389] [MainProcess] Run : make_shares at node:0
[2026-08-02 20:22:08,391] [MainProcess] RunR: builtin_fetch_meta at node:0
[2026-08-02 20:22:08,392] [MainProcess] Run : make_shares at node:0
[2026-08-02 20:22:08,393] [MainProcess] RunR: builtin_fetch_meta at node:0
[2026-08-02 20:22:08,395] [MainProcess] Run : make_shares at node:0
[2026-08-02 20:22:08,407] [MainProcess] RunR: builtin_fetch_meta at node:0
[2026-08-02 20:22:08,409] [MainProcess] Run : make_shares at node:0
[2026-08-02 20:22:08,410] [MainProcess] RunR: builtin_fetch_meta at node:0
[2026-08-02 20:22:08,412] [MainProcess] Run : make_shares at node:0
[2026-08-02 20:22:08,413] [MainProcess] RunR: builtin_fetch_meta at node:0
[2026-08-02 20:22:08,414] [MainProcess] Run : make_shares at node:0
[2026-08-02 20:22:08,416] [MainProcess] RunR: builtin_fetch_meta at node:0
[2026-08-02 20:22:08,417] [MainProcess] Run : make_shares at node:0
[2026-08-02 20:22:08,418] [MainProcess] RunR: builtin_fetch_meta at node:0
[2026-08-02 20:22:08,420] [MainProcess] Run : make_shares at node:0
[2026-08-02 20:22:08,421] [MainProcess] RunR: builtin_fetch_meta at node:0
[2026-08-02 20:22:08,423] [MainProcess] Run : make_shares at node:0
[2026-08-02 20:22:08,424] [MainProcess] RunR: builtin_fetch_meta at node:0
[2026-08-02 20:22:08,425] [MainProcess] Run : make_shares at node:0
[2026-08-02 20:22:08,426] [MainProcess] RunR: builtin_fetch_meta at node:0
[2026-08-02 20:22:08,428] [MainProcess] Run : make_shares at node:0
[2026-08-02 20:22:08,431] [MainProcess] RunR: builtin_fetch_meta at node:0
[2026-08-02 20:22:08,433] [MainProcess] Run : make_shares at node:0
[2026-08-02 20:22:08,434] [MainProcess] RunR: builtin_fetch_meta at node:0
[2026-08-02 20:22:08,436] [MainProcess] Run : make_shares at node:0
[2026-08-02 20:22:08,437] [MainProcess] RunR: builtin_fetch_meta at node:0
[2026-08-02 20:22:08,438] [MainProcess] Run : make_shares at node:0
[2026-08-02 20:22:08,441] [MainProcess] RunR: builtin_fetch_meta at node:0
[2026-08-02 20:22:08,442] [MainProcess] Run : make_shares at node:0
[2026-08-02 20:22:08,443] [MainProcess] RunR: builtin_fetch_meta at node:0
[2026-08-02 20:22:08,445] [MainProcess] Run : make_shares at node:0
[2026-08-02 20:22:08,446] [MainProcess] RunR: builtin_fetch_meta at node:0
[2026-08-02 20:22:08,447] [MainProcess] Run : make_shares at node:0
[2026-08-02 20:22:08,449] [MainProcess] RunR: builtin_fetch_meta at node:0
[2026-08-02 20:22:08,450] [MainProcess] Run : make_shares at node:0
[2026-08-02 20:22:08,451] [MainProcess] RunR: builtin_fetch_meta at node:0
[2026-08-02 20:22:08,453] [MainProcess] Run : make_shares at node:0
[2026-08-02 20:22:08,454] [MainProcess] RunR: builtin_fetch_meta at node:0
[2026-08-02 20:22:08,456] [MainProcess] Run : make_shares at node:0
[2026-08-02 20:22:08,457] [MainProcess] RunR: builtin_fetch_meta at node:0
[2026-08-02 20:22:08,458] [MainProcess] Run : make_shares at node:0
[2026-08-02 20:22:08,459] [MainProcess] RunR: builtin_fetch_meta at node:0
[2026-08-02 20:22:08,461] [MainProcess] Run : make_shares at node:0
[2026-08-02 20:22:08,462] [MainProcess] RunR: builtin_fetch_meta at node:0
[2026-08-02 20:22:08,464] [MainProcess] Run : make_shares at node:0
[2026-08-02 20:22:08,465] [MainProcess] RunR: builtin_fetch_meta at node:0
[2026-08-02 20:22:08,467] [MainProcess] Run : make_shares at node:0
[2026-08-02 20:22:08,470] [MainProcess] RunR: builtin_fetch_meta at node:0
[2026-08-02 20:22:08,472] [MainProcess] Run : make_shares at node:0
[2026-08-02 20:22:08,473] [MainProcess] RunR: builtin_fetch_meta at node:0
[2026-08-02 20:22:08,475] [MainProcess] Run : make_shares at node:0
[2026-08-02 20:22:08,476] [MainProcess] RunR: builtin_fetch_meta at node:0
[2026-08-02 20:22:08,478] [MainProcess] Run : make_shares at node:0
[2026-08-02 20:22:08,480] [MainProcess] RunR: builtin_fetch_meta at node:0
[2026-08-02 20:22:08,482] [MainProcess] Run : make_shares at node:0
[2026-08-02 20:22:08,483] [MainProcess] RunR: builtin_fetch_meta at node:0
[2026-08-02 20:22:08,484] [MainProcess] Run : make_shares at node:0
[2026-08-02 20:22:08,485] [MainProcess] RunR: builtin_fetch_meta at node:0
[2026-08-02 20:22:08,487] [MainProcess] Run : make_shares at node:0
[2026-08-02 20:22:08,489] [MainProcess] RunR: builtin_fetch_meta at node:0
[2026-08-02 20:22:08,490] [MainProcess] Run : make_shares at node:0
[2026-08-02 20:22:08,491] [MainProcess] RunR: builtin_fetch_meta at node:0
[2026-08-02 20:22:08,493] [MainProcess] Run : make_shares at node:0
[2026-08-02 20:22:08,494] [MainProcess] RunR: builtin_fetch_meta at node:0
[2026-08-02 20:22:08,496] [MainProcess] Run : make_shares at node:0
[2026-08-02 20:22:08,497] [MainProcess] RunR: builtin_fetch_meta at node:0
[2026-08-02 20:22:08,498] [MainProcess] Run : make_shares at node:0
[2026-08-02 20:22:08,500] [MainProcess] RunR: builtin_fetch_meta at node:0
[2026-08-02 20:22:08,501] [MainProcess] Run : make_shares at node:0
[2026-08-02 20:22:08,502] [MainProcess] RunR: builtin_fetch_meta at node:0
[2026-08-02 20:22:08,504] [MainProcess] Run : make_shares at node:0
[2026-08-02 20:22:08,505] [MainProcess] RunR: builtin_fetch_meta at node:0
[2026-08-02 20:22:08,507] [MainProcess] Run : make_shares at node:0
[2026-08-02 20:22:08,510] [MainProcess] RunR: builtin_fetch_meta at node:0
[2026-08-02 20:22:08,512] [MainProcess] Run : make_shares at node:0
[2026-08-02 20:22:08,513] [MainProcess] RunR: builtin_fetch_meta at node:0
[2026-08-02 20:22:08,515] [MainProcess] Run : make_shares at node:0
[2026-08-02 20:22:08,516] [MainProcess] RunR: builtin_fetch_meta at node:0
[2026-08-02 20:22:08,517] [MainProcess] Run : make_shares at node:0
[2026-08-02 20:22:08,520] [MainProcess] RunR: builtin_fetch_meta at node:0
[2026-08-02 20:22:08,521] [MainProcess] Run : make_shares at node:0
[2026-08-02 20:22:08,522] [MainProcess] RunR: builtin_fetch_meta at node:0
[2026-08-02 20:22:08,524] [MainProcess] Run : make_shares at node:0
[2026-08-02 20:22:08,525] [MainProcess] RunR: builtin_fetch_meta at node:0
[2026-08-02 20:22:08,527] [MainProcess] Run : make_shares at node:0
[2026-08-02 20:22:08,528] [MainProcess] RunR: builtin_fetch_meta at node:0
[2026-08-02 20:22:08,530] [MainProcess] Run : make_shares at node:0
[2026-08-02 20:22:08,531] [MainProcess] RunR: builtin_fetch_meta at node:0
[2026-08-02 20:22:08,533] [MainProcess] Run : make_shares at node:0
[2026-08-02 20:22:08,534] [MainProcess] RunR: builtin_fetch_meta at node:0
[2026-08-02 20:22:08,535] [MainProcess] Run : make_shares at node:0
[2026-08-02 20:22:08,536] [MainProcess] RunR: builtin_fetch_meta at node:0
[2026-08-02 20:22:08,538] [MainProcess] Run : make_shares at node:0
[2026-08-02 20:22:08,539] [MainProcess] RunR: builtin_fetch_meta at node:0
[2026-08-02 20:22:08,583] [MainProcess] Run : builtin_spu_run at node:0
[2026-08-02 20:22:08,584] [MainProcess] RunR: builtin_fetch_object at node:0
[2026-08-02 20:22:08,659] [MainProcess] RunR: builtin_fetch_object at node:0
[2026-08-02 20:22:08,665] [MainProcess] RunR: builtin_fetch_object at node:0
[2026-08-02 20:22:08,666] [MainProcess] RunR: builtin_fetch_object at node:0
[2026-08-02 20:22:08,667] [MainProcess] RunR: builtin_fetch_object at node:0
[2026-08-02 20:22:08,669] [MainProcess] RunR: builtin_fetch_object at node:0
[2026-08-02 20:22:08,696] [MainProcess] RunR: builtin_fetch_object at node:0
[2026-08-02 20:22:08,812] [MainProcess] RunR: builtin_fetch_object at node:0
[2026-08-02 20:22:08,820] [MainProcess] RunR: builtin_fetch_object at node:0
[2026-08-02 20:22:08,821] [MainProcess] RunR: builtin_fetch_object at node:0
[2026-08-02 20:22:08,824] [MainProcess] RunR: builtin_fetch_object at node:0
[2026-08-02 20:22:08,825] [MainProcess] RunR: builtin_fetch_object at node:0
[2026-08-02 20:22:08,826] [MainProcess] RunR: builtin_fetch_object at node:0
[2026-08-02 20:22:08,827] [MainProcess] RunR: builtin_fetch_object at node:0
[2026-08-02 20:22:08,836] [MainProcess] RunR: builtin_fetch_object at node:0
[2026-08-02 20:22:08,837] [MainProcess] RunR: builtin_fetch_object at node:0
[2026-08-02 20:22:08,838] [MainProcess] RunR: builtin_fetch_object at node:0
[2026-08-02 20:22:08,839] [MainProcess] RunR: builtin_fetch_object at node:0
[2026-08-02 20:22:08,848] [MainProcess] RunR: builtin_fetch_object at node:0
[2026-08-02 20:22:08,849] [MainProcess] RunR: builtin_fetch_object at node:0
[2026-08-02 20:22:08,850] [MainProcess] RunR: builtin_fetch_object at node:0
[2026-08-02 20:22:08,851] [MainProcess] RunR: builtin_fetch_object at node:0
[2026-08-02 20:22:08,858] [MainProcess] RunR: builtin_fetch_object at node:0
[2026-08-02 20:22:08,860] [MainProcess] RunR: builtin_fetch_object at node:0
[2026-08-02 20:22:08,862] [MainProcess] RunR: builtin_fetch_object at node:0
[2026-08-02 20:22:08,864] [MainProcess] RunR: builtin_fetch_object at node:0
[2026-08-02 20:22:08,864] [MainProcess] RunR: builtin_fetch_object at node:0
[2026-08-02 20:22:08,865] [MainProcess] RunR: builtin_fetch_object at node:0
[2026-08-02 20:22:08,874] [MainProcess] RunR: builtin_fetch_object at node:0
[2026-08-02 20:22:08,875] [MainProcess] RunR: builtin_fetch_object at node:0
[2026-08-02 20:22:08,879] [MainProcess] RunR: builtin_fetch_object at node:0
[2026-08-02 20:22:08,880] [MainProcess] RunR: builtin_fetch_object at node:0
[2026-08-02 20:22:08,892] [MainProcess] RunR: builtin_fetch_object at node:0
[2026-08-02 20:22:08,895] [MainProcess] RunR: builtin_fetch_object at node:0
[2026-08-02 20:22:08,896] [MainProcess] RunR: builtin_fetch_object at node:0
[2026-08-02 20:22:08,897] [MainProcess] RunR: builtin_fetch_object at node:0
[2026-08-02 20:22:08,904] [MainProcess] RunR: builtin_fetch_object at node:0
[2026-08-02 20:22:08,905] [MainProcess] RunR: builtin_fetch_object at node:0
[2026-08-02 20:22:08,908] [MainProcess] RunR: builtin_fetch_object at node:0
[2026-08-02 20:22:08,909] [MainProcess] RunR: builtin_fetch_object at node:0
[2026-08-02 20:22:08,910] [MainProcess] RunR: builtin_fetch_object at node:0
[2026-08-02 20:22:08,912] [MainProcess] RunR: builtin_fetch_object at node:0
[2026-08-02 20:22:08,920] [MainProcess] RunR: builtin_fetch_object at node:0
[2026-08-02 20:22:08,921] [MainProcess] RunR: builtin_fetch_object at node:0
[2026-08-02 20:22:08,922] [MainProcess] RunR: builtin_fetch_object at node:0
[2026-08-02 20:22:08,923] [MainProcess] RunR: builtin_fetch_object at node:0
[2026-08-02 20:22:08,931] [MainProcess] RunR: builtin_fetch_object at node:0
[2026-08-02 20:22:08,932] [MainProcess] RunR: builtin_fetch_object at node:0
[2026-08-02 20:22:08,933] [MainProcess] RunR: builtin_fetch_object at node:0
[2026-08-02 20:22:08,934] [MainProcess] RunR: builtin_fetch_object at node:0
[2026-08-02 20:22:08,941] [MainProcess] RunR: builtin_fetch_object at node:0
[2026-08-02 20:22:08,942] [MainProcess] RunR: builtin_fetch_object at node:0
[2026-08-02 20:22:08,945] [MainProcess] RunR: builtin_fetch_object at node:0
[2026-08-02 20:22:08,946] [MainProcess] RunR: builtin_fetch_object at node:0
[2026-08-02 20:22:08,947] [MainProcess] RunR: builtin_fetch_object at node:0
[2026-08-02 20:22:08,948] [MainProcess] RunR: builtin_fetch_object at node:0
[2026-08-02 20:22:08,956] [MainProcess] RunR: builtin_fetch_object at node:0
[2026-08-02 20:22:08,957] [MainProcess] RunR: builtin_fetch_object at node:0
[2026-08-02 20:22:08,958] [MainProcess] RunR: builtin_fetch_object at node:0
[2026-08-02 20:22:08,959] [MainProcess] RunR: builtin_fetch_object at node:0
[2026-08-02 20:22:08,968] [MainProcess] RunR: builtin_fetch_object at node:0
[2026-08-02 20:22:08,969] [MainProcess] RunR: builtin_fetch_object at node:0
[2026-08-02 20:22:08,970] [MainProcess] RunR: builtin_fetch_object at node:0
[2026-08-02 20:22:08,971] [MainProcess] RunR: builtin_fetch_object at node:0
[2026-08-02 20:22:08,978] [MainProcess] RunR: builtin_fetch_object at node:0
[2026-08-02 20:22:08,979] [MainProcess] RunR: builtin_fetch_object at node:0
[2026-08-02 20:22:08,983] [MainProcess] RunR: builtin_fetch_object at node:0
[2026-08-02 20:22:08,984] [MainProcess] RunR: builtin_fetch_object at node:0
[2026-08-02 20:22:08,985] [MainProcess] RunR: builtin_fetch_object at node:0
[2026-08-02 20:22:08,986] [MainProcess] RunR: builtin_fetch_object at node:0
[2026-08-02 20:22:08,995] [MainProcess] RunR: builtin_fetch_object at node:0
[2026-08-02 20:22:08,996] [MainProcess] RunR: builtin_fetch_object at node:0
[2026-08-02 20:22:08,997] [MainProcess] RunR: builtin_fetch_object at node:0
[2026-08-02 20:22:08,998] [MainProcess] RunR: builtin_fetch_object at node:0
[2026-08-02 20:22:09,005] [MainProcess] RunR: builtin_fetch_object at node:0
[2026-08-02 20:22:09,006] [MainProcess] RunR: builtin_fetch_object at node:0
[2026-08-02 20:22:09,007] [MainProcess] RunR: builtin_fetch_object at node:0
[2026-08-02 20:22:09,008] [MainProcess] RunR: builtin_fetch_object at node:0
[2026-08-02 20:22:09,014] [MainProcess] RunR: builtin_fetch_object at node:0
[2026-08-02 20:22:09,016] [MainProcess] RunR: builtin_fetch_object at node:0
[2026-08-02 20:22:09,018] [MainProcess] RunR: builtin_fetch_object at node:0
[2026-08-02 20:22:09,019] [MainProcess] RunR: builtin_fetch_object at node:0
[2026-08-02 20:22:09,020] [MainProcess] RunR: builtin_fetch_object at node:0
[2026-08-02 20:22:09,021] [MainProcess] RunR: builtin_fetch_object at node:0
[2026-08-02 20:22:09,030] [MainProcess] RunR: builtin_fetch_object at node:0
[2026-08-02 20:22:09,031] [MainProcess] RunR: builtin_fetch_object at node:0
[2026-08-02 20:22:09,032] [MainProcess] RunR: builtin_fetch_object at node:0
[2026-08-02 20:22:09,033] [MainProcess] RunR: builtin_fetch_object at node:0
[2026-08-02 20:22:09,040] [MainProcess] RunR: builtin_fetch_object at node:0
[2026-08-02 20:22:09,041] [MainProcess] RunR: builtin_fetch_object at node:0
[2026-08-02 20:22:09,042] [MainProcess] RunR: builtin_fetch_object at node:0
[2026-08-02 20:22:09,043] [MainProcess] RunR: builtin_fetch_object at node:0
[2026-08-02 20:22:09,050] [MainProcess] RunR: builtin_fetch_object at node:0
[2026-08-02 20:22:09,051] [MainProcess] RunR: builtin_fetch_object at node:0
[2026-08-02 20:22:09,054] [MainProcess] RunR: builtin_fetch_object at node:0
[2026-08-02 20:22:09,055] [MainProcess] RunR: builtin_fetch_object at node:0
[2026-08-02 20:22:09,056] [MainProcess] RunR: builtin_fetch_object at node:0
[2026-08-02 20:22:09,056] [MainProcess] RunR: builtin_fetch_object at node:0
[2026-08-02 20:22:09,064] [MainProcess] RunR: builtin_fetch_object at node:0
[2026-08-02 20:22:09,065] [MainProcess] RunR: builtin_fetch_object at node:0
[2026-08-02 20:22:09,066] [MainProcess] RunR: builtin_fetch_object at node:0
[2026-08-02 20:22:09,067] [MainProcess] RunR: builtin_fetch_object at node:0
[2026-08-02 20:22:09,076] [MainProcess] RunR: builtin_fetch_object at node:0
[2026-08-02 20:22:09,078] [MainProcess] RunR: builtin_fetch_object at node:0
[2026-08-02 20:22:09,078] [MainProcess] RunR: builtin_fetch_object at node:0
[2026-08-02 20:22:09,079] [MainProcess] RunR: builtin_fetch_object at node:0
[2026-08-02 20:22:09,086] [MainProcess] RunR: builtin_fetch_object at node:0
[2026-08-02 20:22:09,087] [MainProcess] RunR: builtin_fetch_object at node:0
[2026-08-02 20:22:09,090] [MainProcess] RunR: builtin_fetch_object at node:0
[2026-08-02 20:22:09,091] [MainProcess] RunR: builtin_fetch_object at node:0
[2026-08-02 20:22:09,092] [MainProcess] RunR: builtin_fetch_object at node:0
[2026-08-02 20:22:09,093] [MainProcess] RunR: builtin_fetch_object at node:0
[2026-08-02 20:22:09,101] [MainProcess] RunR: builtin_fetch_object at node:0
[2026-08-02 20:22:09,102] [MainProcess] RunR: builtin_fetch_object at node:0
[2026-08-02 20:22:09,103] [MainProcess] RunR: builtin_fetch_object at node:0
[2026-08-02 20:22:09,104] [MainProcess] RunR: builtin_fetch_object at node:0
[2026-08-02 20:22:09,113] [MainProcess] RunR: builtin_fetch_object at node:0
[2026-08-02 20:22:09,114] [MainProcess] RunR: builtin_fetch_object at node:0
[2026-08-02 20:22:09,115] [MainProcess] RunR: builtin_fetch_object at node:0
[2026-08-02 20:22:09,116] [MainProcess] RunR: builtin_fetch_object at node:0
[2026-08-02 20:22:09,122] [MainProcess] RunR: builtin_fetch_object at node:0
[2026-08-02 20:22:09,123] [MainProcess] RunR: builtin_fetch_object at node:0
[2026-08-02 20:22:09,126] [MainProcess] RunR: builtin_fetch_object at node:0
[2026-08-02 20:22:09,127] [MainProcess] RunR: builtin_fetch_object at node:0
[2026-08-02 20:22:09,128] [MainProcess] RunR: builtin_fetch_object at node:0
[2026-08-02 20:22:09,129] [MainProcess] RunR: builtin_fetch_object at node:0
[2026-08-02 20:22:09,138] [MainProcess] RunR: builtin_fetch_object at node:0
[2026-08-02 20:22:09,139] [MainProcess] RunR: builtin_fetch_object at node:0
[2026-08-02 20:22:09,140] [MainProcess] RunR: builtin_fetch_object at node:0
[2026-08-02 20:22:09,141] [MainProcess] RunR: builtin_fetch_object at node:0
[2026-08-02 20:22:09,149] [MainProcess] RunR: builtin_fetch_object at node:0
[2026-08-02 20:22:09,150] [MainProcess] RunR: builtin_fetch_object at node:0
[2026-08-02 20:22:09,151] [MainProcess] RunR: builtin_fetch_object at node:0
[2026-08-02 20:22:09,152] [MainProcess] RunR: builtin_fetch_object at node:0
[2026-08-02 20:22:09,158] [MainProcess] RunR: builtin_fetch_object at node:0
[2026-08-02 20:22:09,159] [MainProcess] RunR: builtin_fetch_object at node:0
[2026-08-02 20:22:09,162] [MainProcess] RunR: builtin_fetch_object at node:0
[2026-08-02 20:22:09,163] [MainProcess] RunR: builtin_fetch_object at node:0
[2026-08-02 20:22:09,164] [MainProcess] RunR: builtin_fetch_object at node:0
[2026-08-02 20:22:09,165] [MainProcess] RunR: builtin_fetch_object at node:0
[2026-08-02 20:22:09,173] [MainProcess] RunR: builtin_fetch_object at node:0
[2026-08-02 20:22:09,174] [MainProcess] RunR: builtin_fetch_object at node:0
[2026-08-02 20:22:09,175] [MainProcess] RunR: builtin_fetch_object at node:0
[2026-08-02 20:22:09,176] [MainProcess] RunR: builtin_fetch_object at node:0
[2026-08-02 20:22:09,184] [MainProcess] RunR: builtin_fetch_object at node:0
[2026-08-02 20:22:09,185] [MainProcess] RunR: builtin_fetch_object at node:0
[2026-08-02 20:22:09,186] [MainProcess] RunR: builtin_fetch_object at node:0
[2026-08-02 20:22:09,187] [MainProcess] RunR: builtin_fetch_object at node:0
[2026-08-02 20:22:09,188] [MainProcess] RunR: builtin_fetch_object at node:0
[2026-08-02 20:22:09,189] [MainProcess] RunR: builtin_fetch_object at node:0
[2026-08-02 20:22:09,190] [MainProcess] RunR: builtin_fetch_object at node:0
[2026-08-02 20:22:09,191] [MainProcess] RunR: builtin_fetch_object at node:0
[2026-08-02 20:22:09,194] [MainProcess] RunR: builtin_fetch_object at node:0
[2026-08-02 20:22:09,195] [MainProcess] RunR: builtin_fetch_object at node:0
[2026-08-02 20:22:09,196] [MainProcess] RunR: builtin_fetch_object at node:0
[2026-08-02 20:22:09,197] [MainProcess] RunR: builtin_fetch_object at node:0
[2026-08-02 20:22:09,198] [MainProcess] RunR: builtin_fetch_object at node:0
[2026-08-02 20:22:09,199] [MainProcess] RunR: builtin_fetch_object at node:0
[2026-08-02 20:22:09,200] [MainProcess] RunR: builtin_fetch_object at node:0
[2026-08-02 20:22:09,201] [MainProcess] RunR: builtin_fetch_object at node:0
[2026-08-02 20:22:09,202] [MainProcess] RunR: builtin_fetch_object at node:0
[2026-08-02 20:22:09,203] [MainProcess] RunR: builtin_fetch_object at node:0
[2026-08-02 20:22:09,204] [MainProcess] RunR: builtin_fetch_object at node:0
[2026-08-02 20:22:09,205] [MainProcess] RunR: builtin_fetch_object at node:0
[2026-08-02 20:22:09,206] [MainProcess] RunR: builtin_fetch_object at node:0
[2026-08-02 20:22:09,208] [MainProcess] RunR: builtin_fetch_object at node:0
[2026-08-02 20:22:09,209] [MainProcess] RunR: builtin_fetch_object at node:0
[2026-08-02 20:22:09,210] [MainProcess] RunR: builtin_fetch_object at node:0
[2026-08-02 20:22:09,212] [MainProcess] RunR: builtin_fetch_object at node:0
[2026-08-02 20:22:09,213] [MainProcess] RunR: builtin_fetch_object at node:0
[2026-08-02 20:22:09,214] [MainProcess] RunR: builtin_fetch_object at node:0
[2026-08-02 20:22:09,215] [MainProcess] RunR: builtin_fetch_object at node:0
[2026-08-02 20:22:09,216] [MainProcess] RunR: builtin_fetch_object at node:0
[2026-08-02 20:22:09,216] [MainProcess] RunR: builtin_fetch_object at node:0
[2026-08-02 20:22:09,217] [MainProcess] RunR: builtin_fetch_object at node:0
[2026-08-02 20:22:09,218] [MainProcess] RunR: builtin_fetch_object at node:0
[2026-08-02 20:22:09,219] [MainProcess] RunR: builtin_fetch_object at node:0
[2026-08-02 20:22:09,220] [MainProcess] RunR: builtin_fetch_object at node:0
[2026-08-02 20:22:09,222] [MainProcess] RunR: builtin_fetch_object at node:0
[2026-08-02 20:22:09,223] [MainProcess] RunR: builtin_fetch_object at node:0
[2026-08-02 20:22:09,224] [MainProcess] RunR: builtin_fetch_object at node:0
[2026-08-02 20:22:09,226] [MainProcess] RunR: builtin_fetch_object at node:0
[2026-08-02 20:22:09,227] [MainProcess] RunR: builtin_fetch_object at node:0
[2026-08-02 20:22:09,228] [MainProcess] RunR: builtin_fetch_object at node:0
[2026-08-02 20:22:09,229] [MainProcess] RunR: builtin_fetch_object at node:0
[2026-08-02 20:22:09,230] [MainProcess] RunR: builtin_fetch_object at node:0
[2026-08-02 20:22:09,230] [MainProcess] RunR: builtin_fetch_object at node:0
[2026-08-02 20:22:09,231] [MainProcess] RunR: builtin_fetch_object at node:0
[2026-08-02 20:22:23.768] [info] [cheetah_dot.cc:497] 1@16x384x384 => 16x256x2 Recv 0.353 MiB, Response 0.243 MiB Pack 116.689 ms (interleave)
[2026-08-02 20:22:23.932] [info] [cheetah_dot.cc:497] 1@16x384x384 => 16x256x2 Recv 0.353 MiB, Response 0.243 MiB Pack 119.532 ms (interleave)
[2026-08-02 20:23:10.559] [info] [cheetah_dot.cc:497] 1@16x384x384 => 16x256x2 Recv 0.353 MiB, Response 0.243 MiB Pack 119.192 ms (interleave)
[2026-08-02 20:23:10.725] [info] [cheetah_dot.cc:497] 1@16x384x384 => 16x256x2 Recv 0.353 MiB, Response 0.243 MiB Pack 119.418 ms (interleave)
[2026-08-02 20:23:56.998] [info] [cheetah_dot.cc:497] 1@16x384x384 => 16x256x2 Recv 0.353 MiB, Response 0.243 MiB Pack 116.289 ms (interleave)
[2026-08-02 20:23:57.161] [info] [cheetah_dot.cc:497] 1@16x384x384 => 16x256x2 Recv 0.353 MiB, Response 0.243 MiB Pack 116.253 ms (interleave)
[2026-08-02 20:26:03.062] [info] [cheetah_dot.cc:497] 1@16x384x384 => 16x256x2 Recv 0.353 MiB, Response 0.243 MiB Pack 116.514 ms (interleave)
[2026-08-02 20:26:03.228] [info] [cheetah_dot.cc:497] 1@16x384x384 => 16x256x2 Recv 0.353 MiB, Response 0.243 MiB Pack 119.536 ms (interleave)
[2026-08-02 20:26:33.827] [info] [cheetah_dot.cc:497] 1@16x384x384 => 16x256x2 Recv 0.353 MiB, Response 0.243 MiB Pack 116.141 ms (interleave)
[2026-08-02 20:26:33.992] [info] [cheetah_dot.cc:497] 1@16x384x384 => 16x256x2 Recv 0.353 MiB, Response 0.243 MiB Pack 119.037 ms (interleave)
[2026-08-02 20:27:04.590] [info] [cheetah_dot.cc:497] 1@16x384x384 => 16x256x2 Recv 0.353 MiB, Response 0.243 MiB Pack 115.918 ms (interleave)
[2026-08-02 20:27:04.752] [info] [cheetah_dot.cc:497] 1@16x384x384 => 16x256x2 Recv 0.353 MiB, Response 0.243 MiB Pack 116.422 ms (interleave)
[2026-08-02 20:28:21.564] [info] [cheetah_dot.cc:497] 1@16x384x384 => 16x256x2 Recv 0.353 MiB, Response 0.243 MiB Pack 119.772 ms (interleave)
[2026-08-02 20:28:21.727] [info] [cheetah_dot.cc:497] 1@16x384x384 => 16x256x2 Recv 0.353 MiB, Response 0.243 MiB Pack 116.651 ms (interleave)
[2026-08-02 20:28:41.906] [info] [cheetah_dot.cc:497] 1@16x384x384 => 16x256x2 Recv 0.353 MiB, Response 0.243 MiB Pack 116.131 ms (interleave)
[2026-08-02 20:28:42.072] [info] [cheetah_dot.cc:497] 1@16x384x384 => 16x256x2 Recv 0.353 MiB, Response 0.243 MiB Pack 120.241 ms (interleave)
[2026-08-02 20:29:02.499] [info] [cheetah_dot.cc:497] 1@16x384x384 => 16x256x2 Recv 0.353 MiB, Response 0.243 MiB Pack 116.204 ms (interleave)
[2026-08-02 20:29:02.667] [info] [cheetah_dot.cc:497] 1@16x384x384 => 16x256x2 Recv 0.353 MiB, Response 0.243 MiB Pack 121.973 ms (interleave)
[2026-08-02 20:29:35.340] [info] [cheetah_dot.cc:497] 1@16x384x384 => 16x256x2 Recv 0.353 MiB, Response 0.243 MiB Pack 116.501 ms (interleave)
[2026-08-02 20:29:35.505] [info] [cheetah_dot.cc:497] 1@16x384x384 => 16x256x2 Recv 0.353 MiB, Response 0.243 MiB Pack 119.31 ms (interleave)
[2026-08-02 20:29:36.546] [info] [cheetah_dot.cc:497] 1@16x384x1536 => 16x256x2 Recv 0.353 MiB, Response 0.728 MiB Pack 812.828 ms (interleave)
[2026-08-02 20:29:36.949] [info] [cheetah_dot.cc:497] 1@16x1536x384 => 16x512x1 Recv 0.529 MiB, Response 0.243 MiB Pack 225.572 ms (interleave)
[2026-08-02 20:29:37.019] [info] [cheetah_dot.cc:497] 1@16x384x2 => 16x384x1 Recv 0.176 MiB, Response 0.243 MiB Pack 0 ms (none)
[2026-08-02 20:29:37,027] [MainProcess] RunR: builtin_fetch_meta at node:0
[2026-08-02 20:29:37,030] [MainProcess] RunR: builtin_gc at node:0
[2026-08-02 20:29:37,034] [MainProcess] RunR: builtin_gc at node:0
[2026-08-02 20:29:37,037] [MainProcess] RunR: builtin_gc at node:0
[2026-08-02 20:29:37,039] [MainProcess] RunR: builtin_gc at node:0
[2026-08-02 20:29:37,042] [MainProcess] RunR: builtin_gc at node:0
[2026-08-02 20:29:37,045] [MainProcess] RunR: builtin_gc at node:0
[2026-08-02 20:29:37,048] [MainProcess] RunR: builtin_gc at node:0
[2026-08-02 20:29:37,050] [MainProcess] RunR: builtin_gc at node:0
[2026-08-02 20:29:37,052] [MainProcess] RunR: builtin_fetch_object at node:0
[2026-08-02 20:29:37,055] [MainProcess] RunR: builtin_gc at node:0
[2026-08-02 20:29:37,061] [MainProcess] RunR: builtin_gc at node:0
[2026-08-02 20:29:37,063] [MainProcess] RunR: builtin_gc at node:0
[2026-08-02 20:29:37,066] [MainProcess] RunR: builtin_gc at node:0
