[2026-08-02 20:07:24,784] [MainProcess] Starting grpc server at 127.0.0.1:34845
[2026-08-02 20:07:24,865] [MainProcess] Run : builtin_spu_init at node:0
I0802 20:07:24.868847 90894     0 external/com_github_brpc_brpc/src/brpc/server.cpp:1204] Server[yacl::link::transport::internal::ReceiverServiceImpl] is serving on port=41157.
W0802 20:07:24.868861 90894     0 external/com_github_brpc_brpc/src/brpc/server.cpp:1210] Builtin services are disabled according to ServerOptions.has_builtin_services
I0802 20:07:24.969790 90899 4294971904 external/com_github_brpc_brpc/src/brpc/socket.cpp:2566] Checking Socket{id=0 addr=127.0.0.1:45083} (0x76bf3c06d7c0)
I0802 20:07:24.969930 90899 4294971904 external/com_github_brpc_brpc/src/brpc/socket.cpp:2626] Revived Socket{id=0 addr=127.0.0.1:45083} (0x76bf3c06d7c0) (Connectable)
[2026-08-02 20:07:25.877] [warning] [openssl_factory.cc:83] Yacl has been configured to use Yacl's entropy source, but unable to find one. Fallback to use openssl's default entropy srouce
[2026-08-02 20:07:25.878] [warning] [openssl_factory.cc:83] Yacl has been configured to use Yacl's entropy source, but unable to find one. Fallback to use openssl's default entropy srouce
[2026-08-02 20:07:25,879] [MainProcess] spu-runtime (SPU) initialized
[2026-08-02 20:07:25,882] [MainProcess] Run : <lambda> at node:0
[2026-08-02 20:07:25,884] [MainProcess] Run : make_shares at node:0
[2026-08-02 20:07:25,897] [MainProcess] RunR: builtin_fetch_meta at node:0
[2026-08-02 20:07:25,927] [MainProcess] Run : builtin_spu_run at node:0
[2026-08-02 20:07:25,929] [MainProcess] RunR: builtin_fetch_object at node:0
[2026-08-02 20:07:25,932] [MainProcess] RunR: builtin_fetch_meta at node:0
[2026-08-02 20:07:25,933] [MainProcess] RunR: builtin_fetch_object at node:0
[2026-08-02 20:07:26,731] [MainProcess] Run : builtin_spu_init at node:0
[2026-08-02 20:07:26,732] [MainProcess] spu-runtime (SPU) already exist, reuse it
[2026-08-02 20:07:26,740] [MainProcess] Run : <lambda> at node:0
[2026-08-02 20:07:26,751] [MainProcess] Run : make_shares at node:0
[2026-08-02 20:07:26,754] [MainProcess] RunR: builtin_fetch_meta at node:0
[2026-08-02 20:07:26,842] [MainProcess] Run : builtin_spu_run at node:0
[2026-08-02 20:07:26,844] [MainProcess] RunR: builtin_fetch_object at node:0
[2026-08-02 20:07:27.116] [info] [cheetah_dot.cc:310] CheetahDot uses 3@2 modulus 8192 degree for 64 bit ring (packing=enabled)
[2026-08-02 20:07:27.116] [info] [thread_pool.cc:30] Create a fixed thread pool with size 15
[2026-08-02 20:07:28,172] [MainProcess] RunR: builtin_fetch_meta at node:0
[2026-08-02 20:07:28,173] [MainProcess] RunR: builtin_fetch_object at node:0
[2026-08-02 20:07:28,177] [MainProcess] Run : make_shares at node:0
[2026-08-02 20:07:28,179] [MainProcess] RunR: builtin_fetch_meta at node:0
[2026-08-02 20:07:28,188] [MainProcess] Run : builtin_spu_run at node:0
[2026-08-02 20:07:28,192] [MainProcess] RunR: builtin_fetch_object at node:0
[2026-08-02 20:07:28,358] [MainProcess] RunR: builtin_fetch_meta at node:0
[2026-08-02 20:07:28,359] [MainProcess] RunR: builtin_fetch_object at node:0
[2026-08-02 20:07:28,363] [MainProcess] Run : make_shares at node:0
[2026-08-02 20:07:28,364] [MainProcess] RunR: builtin_fetch_meta at node:0
[2026-08-02 20:07:28,374] [MainProcess] Run : builtin_spu_run at node:0
[2026-08-02 20:07:28,375] [MainProcess] RunR: builtin_fetch_object at node:0
[2026-08-02 20:07:28,545] [MainProcess] RunR: builtin_fetch_meta at node:0
[2026-08-02 20:07:28,546] [MainProcess] RunR: builtin_fetch_object at node:0
[2026-08-02 20:07:29,202] [MainProcess] Run : builtin_spu_init at node:0
[2026-08-02 20:07:29,202] [MainProcess] spu-runtime (SPU) already exist, reuse it
[2026-08-02 20:07:29,327] [MainProcess] Run : <lambda> at node:0
[2026-08-02 20:07:29,372] [MainProcess] Run : make_shares at node:0
[2026-08-02 20:07:29,422] [MainProcess] RunR: builtin_fetch_meta at node:0
[2026-08-02 20:07:29,500] [MainProcess] Run : builtin_spu_run at node:0
[2026-08-02 20:07:29,501] [MainProcess] RunR: builtin_fetch_object at node:0
[2026-08-02 20:07:44.942] [info] [cheetah_dot.cc:497] 1@3152x384x1536 => 1x16x512 Recv 12.701 MiB, Response 143.362 MiB Pack 3924.821 ms (interleave)
[2026-08-02 20:07:49.650] [info] [cheetah_mul.cc:335] CheetahMul uses 4 modulus for 64 bit input over 64 bit ring
[2026-08-02 20:08:14.258] [info] [cheetah_dot.cc:497] 1@3152x1536x384 => 1x64x128 Recv 12.701 MiB, Response 35.901 MiB Pack 4038.96 ms (interleave)
[2026-08-02 20:08:14,695] [MainProcess] RunR: builtin_fetch_meta at node:0
[2026-08-02 20:08:14,697] [MainProcess] RunR: builtin_fetch_object at node:0
[2026-08-02 20:08:14,808] [MainProcess] Run : make_shares at node:0
[2026-08-02 20:08:14,846] [MainProcess] RunR: builtin_fetch_meta at node:0
[2026-08-02 20:08:14,883] [MainProcess] Run : builtin_spu_run at node:0
[2026-08-02 20:08:14,896] [MainProcess] RunR: builtin_fetch_object at node:0
[2026-08-02 20:08:29.502] [info] [cheetah_dot.cc:497] 1@3152x384x1536 => 1x16x512 Recv 12.701 MiB, Response 143.361 MiB Pack 3914.642 ms (interleave)
[2026-08-02 20:08:54.369] [info] [cheetah_dot.cc:497] 1@3152x1536x384 => 1x64x128 Recv 12.7 MiB, Response 35.901 MiB Pack 3965.865 ms (interleave)
[2026-08-02 20:08:54,808] [MainProcess] RunR: builtin_fetch_meta at node:0
[2026-08-02 20:08:54,810] [MainProcess] RunR: builtin_fetch_object at node:0
