[2026-08-02 16:39:28.393] [info] [thread_pool.cc:30] Create a fixed thread pool with size 15
{
  "manifest_type": "transshield_spu_exact_mlp_benchmark_v4",
  "captured_at_utc": "2026-08-02T08:40:56.866601+00:00",
  "hostname": "iZf8zfv7si2cw0znv3smdwZ",
  "platform": "Linux-6.8.0-136-generic-x86_64-with-glibc2.39",
  "spu_version": "0.9.3b0",
  "config": "/opt/transshield-project/results/vps_optimization/thread_tuning_20260802_v1/configs/fxp16_c8.json",
  "runtime_config": {
    "cheetah_2pc_config": {
      "enable_mul_lsb_error": false,
      "ot_kind": "YACL_Ferret"
    },
    "enable_hal_profile": false,
    "enable_pphlo_profile": false,
    "experimental_enable_colocated_optimization": true,
    "field": "FM64",
    "fxp_exp_iters": 4,
    "fxp_exp_mode": 0,
    "fxp_fraction_bits": 16,
    "max_concurrency": 8,
    "protocol": "CHEETAH"
  },
  "ownership": {
    "input": "P1",
    "model_parameters": "P2",
    "reveal": "full synthetic final MLP output only"
  },
  "graph": "x + (alpha * square(x @ W1.T + b1)) @ W2.T + b2",
  "executed_graph": "x + (alpha * square(x @ W1.T + b1)) @ W2.T + b2",
  "alpha": 0.25,
  "square_alpha_folded_into_fc2": false,
  "square_alpha_public_constant": false,
  "shape": {
    "input": [
      16,
      197,
      384
    ],
    "flattened_tokens": 3152,
    "fc1": [
      3152,
      384,
      1536
    ],
    "fc2": [
      3152,
      1536,
      384
    ]
  },
  "seed": 20260802,
  "interface": "lo",
  "expected_runtime_config": {
    "field": "FM64",
    "fxp_fraction_bits": 16
  },
  "reference_output_sha256": "1a465550f022d865da442afd75302e2bff9989824a3082665531a6193a7e2ddb",
  "repetitions": [
    {
      "repeat_index": 0,
      "elapsed_sec": 48.6619119240022,
      "loopback_tx_bytes": 2068398517,
      "loopback_rx_bytes": 2068398517,
      "output_sha256": "aee4046a24b6f936d3e4dc6e7dfced7112c9f6c54d0c09cd7a2db151f89c962e",
      "output_min": -1.3063201904296875,
      "output_max": 1.1667022705078125,
      "output_mean": -0.0016089174896478653,
      "finite": true,
      "reference_max_abs_error": 9.681284427642822e-05,
      "reference_mean_abs_error": 1.7187849152833223e-05
    },
    {
      "repeat_index": 1,
      "elapsed_sec": 44.20404048899945,
      "loopback_tx_bytes": 2028061049,
      "loopback_rx_bytes": 2028061049,
      "output_sha256": "acc10ecc22231a16872404e9669330eae7751c5d8ccf7c0af647d24b4058752f",
      "output_min": -1.3063507080078125,
      "output_max": 1.1667022705078125,
      "output_mean": -0.0016089198179543018,
      "finite": true,
      "reference_max_abs_error": 8.985400199890137e-05,
      "reference_mean_abs_error": 1.719812826195266e-05
    },
    {
      "repeat_index": 2,
      "elapsed_sec": 44.20849869399899,
      "loopback_tx_bytes": 2028133422,
      "loopback_rx_bytes": 2028133422,
      "output_sha256": "9035a9652d7dbdd274d00da3711c24aed1fd772dbcaebc3492ec20322f73a03e",
      "output_min": -1.3063201904296875,
      "output_max": 1.1667327880859375,
      "output_mean": -0.0016089166747406125,
      "finite": true,
      "reference_max_abs_error": 9.433925151824951e-05,
      "reference_mean_abs_error": 1.7184083844767883e-05
    }
  ],
  "acceptance": {
    "unchanged_math_graph": true,
    "runtime_config_matches_expectation": true,
    "all_finite": true
  }
}
