	Command being timed: "/opt/transshield-spu/bin/python tools/benchmark_spu_mlp.py --config /opt/transshield-project/results/vps_optimization/thread_tuning_20260802_v1/configs/fxp16_c10.json --output-json /opt/transshield-project/results/vps_optimization/thread_tuning_20260802_v1/mlp_alpha025_c10.json --batch-size 16 --token-count 197 --embed-dim 384 --mlp-dim 1536 --repeats 3 --alpha 0.25"
	User time (seconds): 2.97
	System time (seconds): 2.40
	Percent of CPU this job got: 3%
	Elapsed (wall clock) time (h:mm:ss or m:ss): 2:50.86
	Average shared text size (kbytes): 0
	Average unshared data size (kbytes): 0
	Average stack size (kbytes): 0
	Average total size (kbytes): 0
	Maximum resident set size (kbytes): 459388
	Average resident set size (kbytes): 0
	Major (requiring I/O) page faults: 0
	Minor (reclaiming a frame) page faults: 123325
	Voluntary context switches: 14852
	Involuntary context switches: 746
	Swaps: 0
	File system inputs: 0
	File system outputs: 32
	Socket messages sent: 0
	Socket messages received: 0
	Signals delivered: 0
	Page size (bytes): 4096
	Exit status: 0
